Component: ARM Compiler 5.05 update 1 (build 106) Tool: armlink [4d0efa]

==============================================================================

Section Cross References

    startup_stm32f103xb.o(RESET) refers to startup_stm32f103xb.o(STACK) for __initial_sp
    startup_stm32f103xb.o(RESET) refers to startup_stm32f103xb.o(.text) for Reset_Handler
    startup_stm32f103xb.o(RESET) refers to stm32f1xx_it.o(i.NMI_Handler) for NMI_Handler
    startup_stm32f103xb.o(RESET) refers to stm32f1xx_it.o(i.HardFault_Handler) for HardFault_Handler
    startup_stm32f103xb.o(RESET) refers to stm32f1xx_it.o(i.MemManage_Handler) for MemManage_Handler
    startup_stm32f103xb.o(RESET) refers to stm32f1xx_it.o(i.BusFault_Handler) for BusFault_Handler
    startup_stm32f103xb.o(RESET) refers to stm32f1xx_it.o(i.UsageFault_Handler) for UsageFault_Handler
    startup_stm32f103xb.o(RESET) refers to stm32f1xx_it.o(i.SVC_Handler) for SVC_Handler
    startup_stm32f103xb.o(RESET) refers to stm32f1xx_it.o(i.DebugMon_Handler) for DebugMon_Handler
    startup_stm32f103xb.o(RESET) refers to stm32f1xx_it.o(i.PendSV_Handler) for PendSV_Handler
    startup_stm32f103xb.o(RESET) refers to stm32f1xx_it.o(i.SysTick_Handler) for SysTick_Handler
    startup_stm32f103xb.o(RESET) refers to stm32f1xx_it.o(i.DMA1_Channel6_IRQHandler) for DMA1_Channel6_IRQHandler
    startup_stm32f103xb.o(RESET) refers to stm32f1xx_it.o(i.DMA1_Channel7_IRQHandler) for DMA1_Channel7_IRQHandler
    startup_stm32f103xb.o(RESET) refers to stm32f1xx_it.o(i.TIM1_CC_IRQHandler) for TIM1_CC_IRQHandler
    startup_stm32f103xb.o(RESET) refers to stm32f1xx_it.o(i.TIM3_IRQHandler) for TIM3_IRQHandler
    startup_stm32f103xb.o(RESET) refers to stm32f1xx_it.o(i.TIM4_IRQHandler) for TIM4_IRQHandler
    startup_stm32f103xb.o(RESET) refers to stm32f1xx_it.o(i.USART1_IRQHandler) for USART1_IRQHandler
    startup_stm32f103xb.o(RESET) refers to stm32f1xx_it.o(i.USART3_IRQHandler) for USART3_IRQHandler
    startup_stm32f103xb.o(.text) refers to system_stm32f1xx.o(i.SystemInit) for SystemInit
    startup_stm32f103xb.o(.text) refers to entry.o(.ARM.Collect$$$$00000000) for __main
    oled.o(i.I2C_Start) refers to stm32f1xx_hal_gpio.o(i.HAL_GPIO_WritePin) for HAL_GPIO_WritePin
    oled.o(i.I2C_Stop) refers to stm32f1xx_hal_gpio.o(i.HAL_GPIO_WritePin) for HAL_GPIO_WritePin
    oled.o(i.I2C_WaitAck) refers to stm32f1xx_hal_gpio.o(i.HAL_GPIO_WritePin) for HAL_GPIO_WritePin
    oled.o(i.OLED_Clear) refers to oled.o(i.OLED_Refresh) for OLED_Refresh
    oled.o(i.OLED_Clear) refers to oled.o(.bss) for .bss
    oled.o(i.OLED_ClearPoint) refers to oled.o(.bss) for .bss
    oled.o(i.OLED_ColorTurn) refers to oled.o(i.OLED_WR_Byte) for OLED_WR_Byte
    oled.o(i.OLED_DisPlay_Off) refers to oled.o(i.OLED_WR_Byte) for OLED_WR_Byte
    oled.o(i.OLED_DisPlay_On) refers to oled.o(i.OLED_WR_Byte) for OLED_WR_Byte
    oled.o(i.OLED_DisplayTurn) refers to oled.o(i.OLED_WR_Byte) for OLED_WR_Byte
    oled.o(i.OLED_DrawCircle) refers to oled.o(i.OLED_DrawPoint) for OLED_DrawPoint
    oled.o(i.OLED_DrawPoint) refers to oled.o(.bss) for .bss
    oled.o(i.OLED_Init) refers to stm32f1xx_hal_gpio.o(i.HAL_GPIO_Init) for HAL_GPIO_Init
    oled.o(i.OLED_Init) refers to stm32f1xx_hal_gpio.o(i.HAL_GPIO_WritePin) for HAL_GPIO_WritePin
    oled.o(i.OLED_Init) refers to stm32f1xx_hal.o(i.HAL_Delay) for HAL_Delay
    oled.o(i.OLED_Init) refers to oled.o(i.OLED_WR_Byte) for OLED_WR_Byte
    oled.o(i.OLED_Init) refers to oled.o(i.OLED_Clear) for OLED_Clear
    oled.o(i.OLED_Refresh) refers to oled.o(i.OLED_WR_Byte) for OLED_WR_Byte
    oled.o(i.OLED_Refresh) refers to oled.o(.bss) for .bss
    oled.o(i.OLED_ScrollDisplay) refers to oled.o(i.OLED_ShowChinese) for OLED_ShowChinese
    oled.o(i.OLED_ScrollDisplay) refers to oled.o(i.OLED_Refresh) for OLED_Refresh
    oled.o(i.OLED_ScrollDisplay) refers to oled.o(.bss) for .bss
    oled.o(i.OLED_ShowChar) refers to oled.o(i.OLED_DrawPoint) for OLED_DrawPoint
    oled.o(i.OLED_ShowChar) refers to oled.o(i.OLED_ClearPoint) for OLED_ClearPoint
    oled.o(i.OLED_ShowChar) refers to oled.o(.constdata) for .constdata
    oled.o(i.OLED_ShowChinese) refers to oled.o(i.OLED_DrawPoint) for OLED_DrawPoint
    oled.o(i.OLED_ShowChinese) refers to oled.o(i.OLED_ClearPoint) for OLED_ClearPoint
    oled.o(i.OLED_ShowChinese) refers to oled.o(.data) for .data
    oled.o(i.OLED_ShowChinese) refers to oled.o(.constdata) for .constdata
    oled.o(i.OLED_ShowNum) refers to oled.o(i.OLED_Pow) for OLED_Pow
    oled.o(i.OLED_ShowNum) refers to oled.o(i.OLED_ShowChar) for OLED_ShowChar
    oled.o(i.OLED_ShowPicture) refers to oled.o(i.OLED_WR_BP) for OLED_WR_BP
    oled.o(i.OLED_ShowPicture) refers to oled.o(i.OLED_WR_Byte) for OLED_WR_Byte
    oled.o(i.OLED_ShowString) refers to oled.o(i.OLED_ShowChar) for OLED_ShowChar
    oled.o(i.OLED_WR_BP) refers to oled.o(i.OLED_WR_Byte) for OLED_WR_Byte
    oled.o(i.OLED_WR_Byte) refers to oled.o(i.I2C_Start) for I2C_Start
[...]
    ../Drivers/STM32F1xx_HAL_Driver/Src/stm32f1xx_hal_gpio_ex.c 0x00000000   Number         0  stm32f1xx_hal_gpio_ex.o ABSOLUTE
    ../Drivers/STM32F1xx_HAL_Driver/Src/stm32f1xx_hal_pwr.c 0x00000000   Number         0  stm32f1xx_hal_pwr.o ABSOLUTE
    ../Drivers/STM32F1xx_HAL_Driver/Src/stm32f1xx_hal_rcc.c 0x00000000   Number         0  stm32f1xx_hal_rcc.o ABSOLUTE
    ../Drivers/STM32F1xx_HAL_Driver/Src/stm32f1xx_hal_rcc_ex.c 0x00000000   Number         0  stm32f1xx_hal_rcc_ex.o ABSOLUTE
    ../Drivers/STM32F1xx_HAL_Driver/Src/stm32f1xx_hal_tim.c 0x00000000   Number         0  stm32f1xx_hal_tim.o ABSOLUTE
    ../Drivers/STM32F1xx_HAL_Driver/Src/stm32f1xx_hal_tim_ex.c 0x00000000   Number         0  stm32f1xx_hal_tim_ex.o ABSOLUTE
    ../Drivers/STM32F1xx_HAL_Driver/Src/stm32f1xx_hal_uart.c 0x00000000   Number         0  stm32f1xx_hal_uart.o ABSOLUTE
    ../clib/microlib/ctype/ctype.c           0x00000000   Number         0  isspace_c.o ABSOLUTE
    ../clib/microlib/ctype/ctype.c           0x00000000   Number         0  ctype_c.o ABSOLUTE
    ../clib/microlib/division.c              0x00000000   Number         0  uldiv.o ABSOLUTE
    ../clib/microlib/division.c              0x00000000   Number         0  uidiv.o ABSOLUTE
    ../clib/microlib/errno.c                 0x00000000   Number         0  errno.o ABSOLUTE
    ../clib/microlib/init/entry.s            0x00000000   Number         0  entry10b.o ABSOLUTE
    ../clib/microlib/init/entry.s            0x00000000   Number         0  entry10a.o ABSOLUTE
    ../clib/microlib/init/entry.s            0x00000000   Number         0  entry11b.o ABSOLUTE
    ../clib/microlib/init/entry.s            0x00000000   Number         0  entry9b.o ABSOLUTE
    ../clib/microlib/init/entry.s            0x00000000   Number         0  entry9a.o ABSOLUTE
    ../clib/microlib/init/entry.s            0x00000000   Number         0  entry8b.o ABSOLUTE
    ../clib/microlib/init/entry.s            0x00000000   Number         0  entry7b.o ABSOLUTE
    ../clib/microlib/init/entry.s            0x00000000   Number         0  entry7a.o ABSOLUTE
    ../clib/microlib/init/entry.s            0x00000000   Number         0  entry5.o ABSOLUTE
    ../clib/microlib/init/entry.s            0x00000000   Number         0  entry.o ABSOLUTE
    ../clib/microlib/init/entry.s            0x00000000   Number         0  entry8a.o ABSOLUTE
    ../clib/microlib/init/entry.s            0x00000000   Number         0  entry2.o ABSOLUTE
    ../clib/microlib/init/entry.s            0x00000000   Number         0  entry11a.o ABSOLUTE
    ../clib/microlib/longlong.c              0x00000000   Number         0  llushr.o ABSOLUTE
    ../clib/microlib/longlong.c              0x00000000   Number         0  llshl.o ABSOLUTE
    ../clib/microlib/longlong.c              0x00000000   Number         0  llsshr.o ABSOLUTE
    ../clib/microlib/printf/printf.c         0x00000000   Number         0  printf3.o ABSOLUTE
    ../clib/microlib/printf/printf.c         0x00000000   Number         0  printf6.o ABSOLUTE
    ../clib/microlib/printf/printf.c         0x00000000   Number         0  printf1.o ABSOLUTE
    ../clib/microlib/printf/printf.c         0x00000000   Number         0  printf7.o ABSOLUTE
    ../clib/microlib/printf/printf.c         0x00000000   Number         0  printf0.o ABSOLUTE
    ../clib/microlib/printf/printf.c         0x00000000   Number         0  printf8.o ABSOLUTE
    ../clib/microlib/printf/printf.c         0x00000000   Number         0  printfa.o ABSOLUTE
    ../clib/microlib/printf/printf.c         0x00000000   Number         0  printfb.o ABSOLUTE
    ../clib/microlib/printf/printf.c         0x00000000   Number         0  printf2.o ABSOLUTE
    ../clib/microlib/printf/printf.c         0x00000000   Number         0  printf5.o ABSOLUTE
    ../clib/microlib/printf/printf.c         0x00000000   Number         0  printf4.o ABSOLUTE
    ../clib/microlib/printf/stubs.s          0x00000000   Number         0  stubs.o ABSOLUTE
    ../clib/microlib/stdio/streams.c         0x00000000   Number         0  stdout.o ABSOLUTE
    ../clib/microlib/string/memcpy.c         0x00000000   Number         0  memcpya.o ABSOLUTE
    ../clib/microlib/string/memcpy.c         0x00000000   Number         0  memcpyb.o ABSOLUTE
    ../clib/microlib/string/memset.c         0x00000000   Number         0  memseta.o ABSOLUTE
    ../clib/microlib/stubs.s                 0x00000000   Number         0  iusefp.o ABSOLUTE
    ../clib/scanf.c                          0x00000000   Number         0  scanf_fp.o ABSOLUTE
    ../clib/scanf.c                          0x00000000   Number         0  _sgetc.o ABSOLUTE
    ../clib/scanf.c                          0x00000000   Number         0  strtod.o ABSOLUTE
    ../fplib/microlib/d2f.c                  0x00000000   Number         0  d2f.o ABSOLUTE
    ../fplib/microlib/f2d.c                  0x00000000   Number         0  f2d.o ABSOLUTE
    ../fplib/microlib/fpadd.c                0x00000000   Number         0  fadd.o ABSOLUTE
    ../fplib/microlib/fpadd.c                0x00000000   Number         0  dadd.o ABSOLUTE
    ../fplib/microlib/fpdiv.c                0x00000000   Number         0  ddiv.o ABSOLUTE
    ../fplib/microlib/fpepilogue.c           0x00000000   Number         0  depilogue.o ABSOLUTE
    ../fplib/microlib/fpepilogue.c           0x00000000   Number         0  fepilogue.o ABSOLUTE
    ../fplib/microlib/fpfix.c                0x00000000   Number         0  ffixi.o ABSOLUTE
    ../fplib/microlib/fpfix.c                0x00000000   Number         0  dfixul.o ABSOLUTE
    ../fplib/microlib/fpflt.c                0x00000000   Number         0  dfltul.o ABSOLUTE
    ../fplib/microlib/fpflt.c                0x00000000   Number         0  ffltui.o ABSOLUTE
    ../fplib/microlib/fpmul.c                0x00000000   Number         0  dmul.o ABSOLUTE
    ../fplib/microlib/fpmul.c                0x00000000   Number         0  fmul.o ABSOLUTE
    ../fplib/microlib/fpscalb.c              0x00000000   Number         0  fscalb.o ABSOLUTE
    ../mathlib/atof.c                        0x00000000   Number         0  atof.o ABSOLUTE
    ..\Core\Src\dma.c                        0x00000000   Number         0  dma.o ABSOLUTE
    ..\Core\Src\gpio.c                       0x00000000   Number         0  gpio.o ABSOLUTE
    ..\Core\Src\main.c                       0x00000000   Number         0  main.o ABSOLUTE
    ..\Core\Src\stm32f1xx_hal_msp.c          0x00000000   Number         0  stm32f1xx_hal_msp.o ABSOLUTE
    ..\Core\Src\stm32f1xx_it.c               0x00000000   Number         0  stm32f1xx_it.o ABSOLUTE
    ..\Core\Src\system_stm32f1xx.c           0x00000000   Number         0  system_stm32f1xx.o ABSOLUTE
    ..\Core\Src\tim.c                        0x00000000   Number         0  tim.o ABSOLUTE
    ..\Core\Src\usart.c                      0x00000000   Number         0  usart.o ABSOLUTE
    ..\Drivers\STM32F1xx_HAL_Driver\Src\stm32f1xx_hal.c 0x00000000   Number         0  stm32f1xx_hal.o ABSOLUTE
    ..\Drivers\STM32F1xx_HAL_Driver\Src\stm32f1xx_hal_cortex.c 0x00000000   Number         0  stm32f1xx_hal_cortex.o ABSOLUTE
    ..\Drivers\STM32F1xx_HAL_Driver\Src\stm32f1xx_hal_dma.c 0x00000000   Number         0  stm32f1xx_hal_dma.o ABSOLUTE
    ..\Drivers\STM32F1xx_HAL_Driver\Src\stm32f1xx_hal_exti.c 0x00000000   Number         0  stm32f1xx_hal_exti.o ABSOLUTE
    ..\Drivers\STM32F1xx_HAL_Driver\Src\stm32f1xx_hal_flash.c 0x00000000   Number         0  stm32f1xx_hal_flash.o ABSOLUTE
    ..\Drivers\STM32F1xx_HAL_Driver\Src\stm32f1xx_hal_flash_ex.c 0x00000000   Number         0  stm32f1xx_hal_flash_ex.o ABSOLUTE
    ..\Drivers\STM32F1xx_HAL_Driver\Src\stm32f1xx_hal_gpio.c 0x00000000   Number         0  stm32f1xx_hal_gpio.o ABSOLUTE
    ..\Drivers\STM32F1xx_HAL_Driver\Src\stm32f1xx_hal_gpio_ex.c 0x00000000   Number         0  stm32f1xx_hal_gpio_ex.o ABSOLUTE
    ..\Drivers\STM32F1xx_HAL_Driver\Src\stm32f1xx_hal_pwr.c 0x00000000   Number         0  stm32f1xx_hal_pwr.o ABSOLUTE
    ..\Drivers\STM32F1xx_HAL_Driver\Src\stm32f1xx_hal_rcc.c 0x00000000   Number         0  stm32f1xx_hal_rcc.o ABSOLUTE
    ..\Drivers\STM32F1xx_HAL_Driver\Src\stm32f1xx_hal_rcc_ex.c 0x00000000   Number         0  stm32f1xx_hal_rcc_ex.o ABSOLUTE
    ..\Drivers\STM32F1xx_HAL_Driver\Src\stm32f1xx_hal_tim.c 0x00000000   Number         0  stm32f1xx_hal_tim.o ABSOLUTE
    ..\Drivers\STM32F1xx_HAL_Driver\Src\stm32f1xx_hal_tim_ex.c 0x00000000   Number         0  stm32f1xx_hal_tim_ex.o ABSOLUTE
    ..\Drivers\STM32F1xx_HAL_Driver\Src\stm32f1xx_hal_uart.c 0x00000000   Number         0  stm32f1xx_hal_uart.o ABSOLUTE
    cdrcmple.s                               0x00000000   Number         0  cdrcmple.o ABSOLUTE
    cfcmple.s                                0x00000000   Number         0  cfcmple.o ABSOLUTE
    cfrcmple.s                               0x00000000   Number         0  cfrcmple.o ABSOLUTE
    dc.s                                     0x00000000   Number         0  dc.o ABSOLUTE
    handlers.s                               0x00000000   Number         0  handlers.o ABSOLUTE
    init.s                                   0x00000000   Number         0  init.o ABSOLUTE
    oled\\oled.c                             0x00000000   Number         0  oled.o ABSOLUTE
    oled\oled.c                              0x00000000   Number         0  oled.o ABSOLUTE
    startup_stm32f103xb.s                    0x00000000   Number         0  startup_stm32f103xb.o ABSOLUTE
    RESET                                    0x08000000   Section      236  startup_stm32f103xb.o(RESET)
    .ARM.Collect$$$$00000000                 0x080000ec   Section        0  entry.o(.ARM.Collect$$$$00000000)
    .ARM.Collect$$$$00000001                 0x080000ec   Section        4  entry2.o(.ARM.Collect$$$$00000001)
    .ARM.Collect$$$$00000004                 0x080000f0   Section        4  entry5.o(.ARM.Collect$$$$00000004)
    .ARM.Collect$$$$00000008                 0x080000f4   Section        0  entry7b.o(.ARM.Collect$$$$00000008)
    .ARM.Collect$$$$0000000A                 0x080000f4   Section        0  entry8b.o(.ARM.Collect$$$$0000000A)
    .ARM.Collect$$$$0000000B                 0x080000f4   Section        8  entry9a.o(.ARM.Collect$$$$0000000B)
    .ARM.Collect$$$$0000000D                 0x080000fc   Section        0  entry10a.o(.ARM.Collect$$$$0000000D)
    .ARM.Collect$$$$0000000F                 0x080000fc   Section        0  entry11a.o(.ARM.Collect$$$$0000000F)
    .ARM.Collect$$$$00002712                 0x080000fc   Section        4  entry2.o(.ARM.Collect$$$$00002712)
    __lit__00000000                          0x080000fc   Data           4  entry2.o(.ARM.Collect$$$$00002712)
    .text                                    0x08000100   Section       36  startup_stm32f103xb.o(.text)
    .text                                    0x08000124   Section        0  llushr.o(.text)
    .text                                    0x08000144   Section        0  memcpya.o(.text)
    .text                                    0x08000168   Section        0  memseta.o(.text)
    .text                                    0x0800018c   Section        0  fadd.o(.text)
    .text                                    0x0800023c   Section        0  fmul.o(.text)
    .text                                    0x080002a0   Section        0  fscalb.o(.text)
    .text                                    0x080002b8   Section        0  ddiv.o(.text)
    .text                                    0x08000396   Section        0  ffltui.o(.text)
    .text                                    0x080003a0   Section        0  ffixi.o(.text)
    .text                                    0x080003d2   Section        0  f2d.o(.text)
    .text                                    0x080003f8   Section        0  d2f.o(.text)
    .text                                    0x08000430   Section       20  cfcmple.o(.text)
    .text                                    0x08000444   Section       20  cfrcmple.o(.text)
    .text                                    0x08000458   Section        0  uidiv.o(.text)
    .text                                    0x08000484   Section        0  uldiv.o(.text)
    .text                                    0x080004e8   Section        0  strtod.o(.text)
    _local_sscanf                            0x080004e9   Thumb Code    54  strtod.o(.text)
    .text                                    0x08000584   Section        0  iusefp.o(.text)
    .text                                    0x08000584   Section        0  fepilogue.o(.text)
    .text                                    0x080005f2   Section        0  depilogue.o(.text)
    .text                                    0x080006ac   Section        0  dadd.o(.text)
    .text                                    0x080007fa   Section        0  dmul.o(.text)
    .text                                    0x080008de   Section        0  dfixul.o(.text)
    .text                                    0x08000910   Section       48  cdrcmple.o(.text)
    .text                                    0x08000940   Section       36  init.o(.text)
    .text                                    0x08000964   Section        0  llshl.o(.text)
    .text                                    0x08000982   Section        0  llsshr.o(.text)
    .text                                    0x080009a6   Section        0  isspace_c.o(.text)
    .text                                    0x080009b0   Section        0  scanf_fp.o(.text)
    _fp_value                                0x080009b1   Thumb Code   256  scanf_fp.o(.text)
    .text                                    0x08000ce8   Section        0  _sgetc.o(.text)
    .text                                    0x08000d28   Section        0  ctype_c.o(.text)
    .text                                    0x08000d50   Section        0  dfltul.o(.text)
    i.BusFault_Handler                       0x08000d68   Section        0  stm32f1xx_it.o(i.BusFault_Handler)
    i.DMA1_Channel6_IRQHandler               0x08000d6c   Section        0  stm32f1xx_it.o(i.DMA1_Channel6_IRQHandler)
    i.DMA1_Channel7_IRQHandler               0x08000d78   Section        0  stm32f1xx_it.o(i.DMA1_Channel7_IRQHandler)
    i.DMA_SetConfig                          0x08000d84   Section        0  stm32f1xx_hal_dma.o(i.DMA_SetConfig)
    DMA_SetConfig                            0x08000d85   Thumb Code    42  stm32f1xx_hal_dma.o(i.DMA_SetConfig)
    i.DataGet1                               0x08000db0   Section        0  main.o(i.DataGet1)
    i.DataGet2                               0x08000dd8   Section        0  main.o(i.DataGet2)
    i.DebugMon_Handler                       0x08000e28   Section        0  stm32f1xx_it.o(i.DebugMon_Handler)
    i.Delay_stop                             0x08000e2c   Section        0  main.o(i.Delay_stop)
    i.Error_Handler                          0x08000e70   Section        0  main.o(i.Error_Handler)
    i.HAL_DMA_Abort                          0x08000e74   Section        0  stm32f1xx_hal_dma.o(i.HAL_DMA_Abort)
    i.HAL_DMA_Abort_IT                       0x08000ebc   Section        0  stm32f1xx_hal_dma.o(i.HAL_DMA_Abort_IT)
    i.HAL_DMA_IRQHandler                     0x08000f54   Section        0  stm32f1xx_hal_dma.o(i.HAL_DMA_IRQHandler)
    i.HAL_DMA_Init                           0x080010a8   Section        0  stm32f1xx_hal_dma.o(i.HAL_DMA_Init)
    i.HAL_DMA_Start_IT                       0x08001104   Section        0  stm32f1xx_hal_dma.o(i.HAL_DMA_Start_IT)
    i.HAL_Delay                              0x08001174   Section        0  stm32f1xx_hal.o(i.HAL_Delay)
    i.HAL_GPIO_Init                          0x08001198   Section        0  stm32f1xx_hal_gpio.o(i.HAL_GPIO_Init)
    i.HAL_GPIO_ReadPin                       0x08001378   Section        0  stm32f1xx_hal_gpio.o(i.HAL_GPIO_ReadPin)
    i.HAL_GPIO_TogglePin                     0x08001382   Section        0  stm32f1xx_hal_gpio.o(i.HAL_GPIO_TogglePin)
    i.HAL_GPIO_WritePin                      0x08001392   Section        0  stm32f1xx_hal_gpio.o(i.HAL_GPIO_WritePin)
    i.HAL_GetTick                            0x0800139c   Section        0  stm32f1xx_hal.o(i.HAL_GetTick)
    i.HAL_IncTick                            0x080013a8   Section        0  stm32f1xx_hal.o(i.HAL_IncTick)
    i.HAL_Init                               0x080013b8   Section        0  stm32f1xx_hal.o(i.HAL_Init)
    i.HAL_InitTick                           0x080013dc   Section        0  stm32f1xx_hal.o(i.HAL_InitTick)
    i.HAL_MspInit                            0x0800141c   Section        0  stm32f1xx_hal_msp.o(i.HAL_MspInit)
    i.HAL_NVIC_EnableIRQ                     0x08001458   Section        0  stm32f1xx_hal_cortex.o(i.HAL_NVIC_EnableIRQ)
    i.HAL_NVIC_SetPriority                   0x08001474   Section        0  stm32f1xx_hal_cortex.o(i.HAL_NVIC_SetPriority)
    i.HAL_NVIC_SetPriorityGrouping           0x080014b4   Section        0  stm32f1xx_hal_cortex.o(i.HAL_NVIC_SetPriorityGrouping)
    i.HAL_RCC_ClockConfig                    0x080014d8   Section        0  stm32f1xx_hal_rcc.o(i.HAL_RCC_ClockConfig)
    i.HAL_RCC_GetPCLK1Freq                   0x08001604   Section        0  stm32f1xx_hal_rcc.o(i.HAL_RCC_GetPCLK1Freq)
    i.HAL_RCC_GetPCLK2Freq                   0x08001624   Section        0  stm32f1xx_hal_rcc.o(i.HAL_RCC_GetPCLK2Freq)
    i.HAL_RCC_GetSysClockFreq                0x08001644   Section        0  stm32f1xx_hal_rcc.o(i.HAL_RCC_GetSysClockFreq)
    i.HAL_RCC_OscConfig                      0x080016b0   Section        0  stm32f1xx_hal_rcc.o(i.HAL_RCC_OscConfig)
    i.HAL_SYSTICK_Config                     0x080019d0   Section        0  stm32f1xx_hal_cortex.o(i.HAL_SYSTICK_Config)
    i.HAL_TIMEx_BreakCallback                0x080019f8   Section        0  stm32f1xx_hal_tim_ex.o(i.HAL_TIMEx_BreakCallback)
    i.HAL_TIMEx_CommutCallback               0x080019fa   Section        0  stm32f1xx_hal_tim_ex.o(i.HAL_TIMEx_CommutCallback)
    i.HAL_TIMEx_MasterConfigSynchronization  0x080019fc   Section        0  stm32f1xx_hal_tim_ex.o(i.HAL_TIMEx_MasterConfigSynchronization)
    i.HAL_TIM_Base_Init                      0x08001a64   Section        0  stm32f1xx_hal_tim.o(i.HAL_TIM_Base_Init)
    i.HAL_TIM_Base_MspInit                   0x08001ac0   Section        0  tim.o(i.HAL_TIM_Base_MspInit)
    i.HAL_TIM_Base_Start_IT                  0x08001b38   Section        0  stm32f1xx_hal_tim.o(i.HAL_TIM_Base_Start_IT)
    i.HAL_TIM_ConfigClockSource              0x08001b90   Section        0  stm32f1xx_hal_tim.o(i.HAL_TIM_ConfigClockSource)
    i.HAL_TIM_IC_CaptureCallback             0x08001c68   Section        0  main.o(i.HAL_TIM_IC_CaptureCallback)
    i.HAL_TIM_IC_ConfigChannel               0x08001db0   Section        0  stm32f1xx_hal_tim.o(i.HAL_TIM_IC_ConfigChannel)
    i.HAL_TIM_IC_Init                        0x08001ebe   Section        0  stm32f1xx_hal_tim.o(i.HAL_TIM_IC_Init)
    i.HAL_TIM_IC_MspInit                     0x08001f18   Section        0  tim.o(i.HAL_TIM_IC_MspInit)
    i.HAL_TIM_IC_Start_IT                    0x08001f84   Section        0  stm32f1xx_hal_tim.o(i.HAL_TIM_IC_Start_IT)
    i.HAL_TIM_IRQHandler                     0x08002064   Section        0  stm32f1xx_hal_tim.o(i.HAL_TIM_IRQHandler)
    i.HAL_TIM_MspPostInit                    0x080021cc   Section        0  tim.o(i.HAL_TIM_MspPostInit)
    i.HAL_TIM_OC_DelayElapsedCallback        0x08002218   Section        0  stm32f1xx_hal_tim.o(i.HAL_TIM_OC_DelayElapsedCallback)
    i.HAL_TIM_PWM_ConfigChannel              0x0800221a   Section        0  stm32f1xx_hal_tim.o(i.HAL_TIM_PWM_ConfigChannel)
    i.HAL_TIM_PWM_Init                       0x080022e0   Section        0  stm32f1xx_hal_tim.o(i.HAL_TIM_PWM_Init)
    i.HAL_TIM_PWM_MspInit                    0x0800233a   Section        0  stm32f1xx_hal_tim.o(i.HAL_TIM_PWM_MspInit)
    i.HAL_TIM_PWM_PulseFinishedCallback      0x0800233c   Section        0  stm32f1xx_hal_tim.o(i.HAL_TIM_PWM_PulseFinishedCallback)
    i.HAL_TIM_PWM_Start                      0x08002340   Section        0  stm32f1xx_hal_tim.o(i.HAL_TIM_PWM_Start)
    i.HAL_TIM_PeriodElapsedCallback          0x080023dc   Section        0  main.o(i.HAL_TIM_PeriodElapsedCallback)
    i.HAL_TIM_ReadCapturedValue              0x08002598   Section        0  stm32f1xx_hal_tim.o(i.HAL_TIM_ReadCapturedValue)
    i.HAL_TIM_TriggerCallback                0x080025c2   Section        0  stm32f1xx_hal_tim.o(i.HAL_TIM_TriggerCallback)
    i.HAL_UARTEx_RxEventCallback             0x080025c4   Section        0  stm32f1xx_hal_uart.o(i.HAL_UARTEx_RxEventCallback)
    i.HAL_UART_AbortReceiveCpltCallback      0x080025c6   Section        0  stm32f1xx_hal_uart.o(i.HAL_UART_AbortReceiveCpltCallback)
    i.HAL_UART_AbortReceive_IT               0x080025c8   Section        0  stm32f1xx_hal_uart.o(i.HAL_UART_AbortReceive_IT)
    i.HAL_UART_ErrorCallback                 0x08002638   Section        0  stm32f1xx_hal_uart.o(i.HAL_UART_ErrorCallback)
    i.HAL_UART_IRQHandler                    0x0800263c   Section        0  stm32f1xx_hal_uart.o(i.HAL_UART_IRQHandler)
    i.HAL_UART_Init                          0x08002848   Section        0  stm32f1xx_hal_uart.o(i.HAL_UART_Init)
    i.HAL_UART_MspInit                       0x080028ac   Section        0  usart.o(i.HAL_UART_MspInit)
    i.HAL_UART_Receive_DMA                   0x08002a4c   Section        0  stm32f1xx_hal_uart.o(i.HAL_UART_Receive_DMA)
    i.HAL_UART_Receive_IT                    0x08002a76   Section        0  stm32f1xx_hal_uart.o(i.HAL_UART_Receive_IT)
    i.HAL_UART_RxCpltCallback                0x08002aa0   Section        0  main.o(i.HAL_UART_RxCpltCallback)
    i.HAL_UART_RxHalfCpltCallback            0x08002b60   Section        0  stm32f1xx_hal_uart.o(i.HAL_UART_RxHalfCpltCallback)
    i.HAL_UART_Transmit                      0x08002b64   Section        0  stm32f1xx_hal_uart.o(i.HAL_UART_Transmit)
    i.HAL_UART_TxCpltCallback                0x08002c16   Section        0  stm32f1xx_hal_uart.o(i.HAL_UART_TxCpltCallback)
    i.HardFault_Handler                      0x08002c18   Section        0  stm32f1xx_it.o(i.HardFault_Handler)
    i.I2C_Start                              0x08002c1c   Section        0  oled.o(i.I2C_Start)
    i.I2C_Stop                               0x08002c50   Section        0  oled.o(i.I2C_Stop)
    i.I2C_WaitAck                            0x08002c7c   Section        0  oled.o(i.I2C_WaitAck)
    i.MX_DMA_Init                            0x08002c9c   Section        0  dma.o(i.MX_DMA_Init)
    i.MX_GPIO_Init                           0x08002cd8   Section        0  gpio.o(i.MX_GPIO_Init)
    i.MX_TIM1_Init                           0x08002db8   Section        0  tim.o(i.MX_TIM1_Init)
    i.MX_TIM2_Init                           0x08002e58   Section        0  tim.o(i.MX_TIM2_Init)
    i.MX_TIM3_Init                           0x08002ebc   Section        0  tim.o(i.MX_TIM3_Init)
    i.MX_TIM4_Init                           0x08002f24   Section        0  tim.o(i.MX_TIM4_Init)
    i.MX_USART1_UART_Init                    0x08002fd0   Section        0  usart.o(i.MX_USART1_UART_Init)
    i.MX_USART2_UART_Init                    0x08003008   Section        0  usart.o(i.MX_USART2_UART_Init)
    i.MX_USART3_UART_Init                    0x08003040   Section        0  usart.o(i.MX_USART3_UART_Init)
    i.MemManage_Handler                      0x08003078   Section        0  stm32f1xx_it.o(i.MemManage_Handler)
    i.Move_pid                               0x0800307c   Section        0  main.o(i.Move_pid)
    i.NMI_Handler                            0x08003114   Section        0  stm32f1xx_it.o(i.NMI_Handler)
    i.OLED_Clear                             0x08003118   Section        0  oled.o(i.OLED_Clear)
    i.OLED_Init                              0x08003144   Section        0  oled.o(i.OLED_Init)
    i.OLED_Refresh                           0x08003274   Section        0  oled.o(i.OLED_Refresh)
    i.OLED_WR_Byte                           0x080032c0   Section        0  oled.o(i.OLED_WR_Byte)
    i.PID                                    0x080032f6   Section        0  main.o(i.PID)
    i.PendSV_Handler                         0x08003362   Section        0  stm32f1xx_it.o(i.PendSV_Handler)
    i.SVC_Handler                            0x08003364   Section        0  stm32f1xx_it.o(i.SVC_Handler)
    i.Send_Byte                              0x08003368   Section        0  oled.o(i.Send_Byte)
    i.Stop                                   0x080033b4   Section        0  main.o(i.Stop)
    i.SysTick_Handler                        0x080033cc   Section        0  stm32f1xx_it.o(i.SysTick_Handler)
    i.SystemClock_Config                     0x080033d0   Section        0  main.o(i.SystemClock_Config)
    i.SystemInit                             0x0800342e   Section        0  system_stm32f1xx.o(i.SystemInit)
    i.TIM1_CC_IRQHandler                     0x08003430   Section        0  stm32f1xx_it.o(i.TIM1_CC_IRQHandler)
    i.TIM3_IRQHandler                        0x0800343c   Section        0  stm32f1xx_it.o(i.TIM3_IRQHandler)
    i.TIM4_IRQHandler                        0x08003448   Section        0  stm32f1xx_it.o(i.TIM4_IRQHandler)
    i.TIM_Base_SetConfig                     0x08003454   Section        0  stm32f1xx_hal_tim.o(i.TIM_Base_SetConfig)
    i.TIM_CCxChannelCmd                      0x080034c0   Section        0  stm32f1xx_hal_tim.o(i.TIM_CCxChannelCmd)
    i.TIM_ETR_SetConfig                      0x080034da   Section        0  stm32f1xx_hal_tim.o(i.TIM_ETR_SetConfig)
    i.TIM_ITRx_SetConfig                     0x080034ee   Section        0  stm32f1xx_hal_tim.o(i.TIM_ITRx_SetConfig)
    TIM_ITRx_SetConfig                       0x080034ef   Thumb Code    16  stm32f1xx_hal_tim.o(i.TIM_ITRx_SetConfig)
    i.TIM_OC1_SetConfig                      0x08003500   Section        0  stm32f1xx_hal_tim.o(i.TIM_OC1_SetConfig)
    TIM_OC1_SetConfig                        0x08003501   Thumb Code    74  stm32f1xx_hal_tim.o(i.TIM_OC1_SetConfig)
    i.TIM_OC2_SetConfig                      0x08003550   Section        0  stm32f1xx_hal_tim.o(i.TIM_OC2_SetConfig)
    i.TIM_OC3_SetConfig                      0x080035a8   Section        0  stm32f1xx_hal_tim.o(i.TIM_OC3_SetConfig)
    TIM_OC3_SetConfig                        0x080035a9   Thumb Code    82  stm32f1xx_hal_tim.o(i.TIM_OC3_SetConfig)
    i.TIM_OC4_SetConfig                      0x08003600   Section        0  stm32f1xx_hal_tim.o(i.TIM_OC4_SetConfig)
    TIM_OC4_SetConfig                        0x08003601   Thumb Code    64  stm32f1xx_hal_tim.o(i.TIM_OC4_SetConfig)
    i.TIM_TI1_ConfigInputStage               0x08003644   Section        0  stm32f1xx_hal_tim.o(i.TIM_TI1_ConfigInputStage)
    TIM_TI1_ConfigInputStage                 0x08003645   Thumb Code    34  stm32f1xx_hal_tim.o(i.TIM_TI1_ConfigInputStage)
    i.TIM_TI1_SetConfig                      0x08003668   Section        0  stm32f1xx_hal_tim.o(i.TIM_TI1_SetConfig)
    i.TIM_TI2_ConfigInputStage               0x080036c0   Section        0  stm32f1xx_hal_tim.o(i.TIM_TI2_ConfigInputStage)
    TIM_TI2_ConfigInputStage                 0x080036c1   Thumb Code    36  stm32f1xx_hal_tim.o(i.TIM_TI2_ConfigInputStage)
    i.TIM_TI2_SetConfig                      0x080036e4   Section        0  stm32f1xx_hal_tim.o(i.TIM_TI2_SetConfig)
    TIM_TI2_SetConfig                        0x080036e5   Thumb Code    54  stm32f1xx_hal_tim.o(i.TIM_TI2_SetConfig)
    i.UART_DMAAbortOnError                   0x0800371a   Section        0  stm32f1xx_hal_uart.o(i.UART_DMAAbortOnError)
    UART_DMAAbortOnError                     0x0800371b   Thumb Code    16  stm32f1xx_hal_uart.o(i.UART_DMAAbortOnError)
    i.UART_DMAError                          0x0800372a   Section        0  stm32f1xx_hal_uart.o(i.UART_DMAError)
    UART_DMAError                            0x0800372b   Thumb Code    74  stm32f1xx_hal_uart.o(i.UART_DMAError)
    i.UART_DMAReceiveCplt                    0x08003774   Section        0  stm32f1xx_hal_uart.o(i.UART_DMAReceiveCplt)
    UART_DMAReceiveCplt                      0x08003775   Thumb Code    90  stm32f1xx_hal_uart.o(i.UART_DMAReceiveCplt)
    i.UART_DMARxHalfCplt                     0x080037ce   Section        0  stm32f1xx_hal_uart.o(i.UART_DMARxHalfCplt)
    UART_DMARxHalfCplt                       0x080037cf   Thumb Code    26  stm32f1xx_hal_uart.o(i.UART_DMARxHalfCplt)
    i.UART_DMARxOnlyAbortCallback            0x080037e8   Section        0  stm32f1xx_hal_uart.o(i.UART_DMARxOnlyAbortCallback)
    UART_DMARxOnlyAbortCallback              0x080037e9   Thumb Code    22  stm32f1xx_hal_uart.o(i.UART_DMARxOnlyAbortCallback)
    i.UART_EndRxTransfer                     0x080037fe   Section        0  stm32f1xx_hal_uart.o(i.UART_EndRxTransfer)
    UART_EndRxTransfer                       0x080037ff   Thumb Code    48  stm32f1xx_hal_uart.o(i.UART_EndRxTransfer)
    i.UART_EndTxTransfer                     0x0800382e   Section        0  stm32f1xx_hal_uart.o(i.UART_EndTxTransfer)
    UART_EndTxTransfer                       0x0800382f   Thumb Code    18  stm32f1xx_hal_uart.o(i.UART_EndTxTransfer)
    i.UART_Receive_IT                        0x08003840   Section        0  stm32f1xx_hal_uart.o(i.UART_Receive_IT)
    UART_Receive_IT                          0x08003841   Thumb Code   182  stm32f1xx_hal_uart.o(i.UART_Receive_IT)
    i.UART_SetConfig                         0x080038f8   Section        0  stm32f1xx_hal_uart.o(i.UART_SetConfig)
    UART_SetConfig                           0x080038f9   Thumb Code   178  stm32f1xx_hal_uart.o(i.UART_SetConfig)
    i.UART_Start_Receive_DMA                 0x080039b0   Section        0  stm32f1xx_hal_uart.o(i.UART_Start_Receive_DMA)
    i.UART_Start_Receive_IT                  0x08003a20   Section        0  stm32f1xx_hal_uart.o(i.UART_Start_Receive_IT)
    i.UART_WaitOnFlagUntilTimeout            0x08003a56   Section        0  stm32f1xx_hal_uart.o(i.UART_WaitOnFlagUntilTimeout)
    UART_WaitOnFlagUntilTimeout              0x08003a57   Thumb Code   100  stm32f1xx_hal_uart.o(i.UART_WaitOnFlagUntilTimeout)
    i.USART1_IRQHandler                      0x08003abc   Section        0  stm32f1xx_it.o(i.USART1_IRQHandler)
    i.USART3_IRQHandler                      0x08003ac8   Section        0  stm32f1xx_it.o(i.USART3_IRQHandler)
    i.UsageFault_Handler                     0x08003ad4   Section        0  stm32f1xx_it.o(i.UsageFault_Handler)
    i.Wheel                                  0x08003ad8   Section        0  main.o(i.Wheel)
    i.__0printf                              0x08003b58   Section        0  printfa.o(i.__0printf)
    i.__NVIC_SetPriority                     0x08003b78   Section        0  stm32f1xx_hal_cortex.o(i.__NVIC_SetPriority)
    __NVIC_SetPriority                       0x08003b79   Thumb Code    32  stm32f1xx_hal_cortex.o(i.__NVIC_SetPriority)
    i.__read_errno                           0x08003b98   Section        0  errno.o(i.__read_errno)
    i.__scatterload_copy                     0x08003ba4   Section       14  handlers.o(i.__scatterload_copy)
    i.__scatterload_null                     0x08003bb2   Section        2  handlers.o(i.__scatterload_null)
    i.__scatterload_zeroinit                 0x08003bb4   Section       14  handlers.o(i.__scatterload_zeroinit)
    i.__set_errno                            0x08003bc4   Section        0  errno.o(i.__set_errno)
    i._fp_digits                             0x08003bd0   Section        0  printfa.o(i._fp_digits)
    _fp_digits                               0x08003bd1   Thumb Code   334  printfa.o(i._fp_digits)
    i._is_digit                              0x08003d34   Section        0  scanf_fp.o(i._is_digit)
    i._printf_core                           0x08003d44   Section        0  printfa.o(i._printf_core)
    _printf_core                             0x08003d45   Thumb Code  1744  printfa.o(i._printf_core)
    i._printf_post_padding                   0x08004420   Section        0  printfa.o(i._printf_post_padding)
    _printf_post_padding                     0x08004421   Thumb Code    36  printfa.o(i._printf_post_padding)
    i._printf_pre_padding                    0x08004444   Section        0  printfa.o(i._printf_pre_padding)
    _printf_pre_padding                      0x08004445   Thumb Code    46  printfa.o(i._printf_pre_padding)
    i.atof                                   0x08004472   Section        0  atof.o(i.atof)
    i.fputc                                  0x0800449c   Section        0  main.o(i.fputc)
    i.initPID                                0x080044b4   Section        0  main.o(i.initPID)
    i.main                                   0x080044d4   Section        0  main.o(i.main)
    .constdata                               0x08004668   Section       16  system_stm32f1xx.o(.constdata)
    .constdata                               0x08004678   Section        8  system_stm32f1xx.o(.constdata)
    .constdata                               0x08004680   Section       64  ctype_c.o(.constdata)
    .data                                    0x20000000   Section       76  main.o(.data)
    dtime                                    0x2000001c   Data           4  main.o(.data)
    i                                        0x20000020   Data           4  main.o(.data)
    flag                                     0x20000024   Data           4  main.o(.data)
    count                                    0x20000028   Data           4  main.o(.data)
    time                                     0x2000002c   Data           4  main.o(.data)
    stoptime                                 0x20000030   Data           4  main.o(.data)
    delaytime                                0x20000034   Data           4  main.o(.data)
    Enfla2                                   0x20000038   Data           4  main.o(.data)
    .data                                    0x2000004c   Section       12  stm32f1xx_hal.o(.data)
    .data                                    0x20000058   Section        4  system_stm32f1xx.o(.data)
    .data                                    0x2000005c   Section        4  stdout.o(.data)
    .data                                    0x20000060   Section        4  errno.o(.data)
    _errno                                   0x20000060   Data           4  errno.o(.data)
    .bss                                     0x20000064   Section     1152  oled.o(.bss)
    .bss                                     0x200004e4   Section      212  main.o(.bss)
    a                                        0x200004e4   Data          20  main.o(.bss)
    catch1                                   0x200004f8   Data          12  main.o(.bss)
    catch2                                   0x20000504   Data          12  main.o(.bss)
    .bss                                     0x200005b8   Section      288  tim.o(.bss)
    .bss                                     0x200006d8   Section      340  usart.o(.bss)
    STACK                                    0x20000830   Section     1024  startup_stm32f103xb.o(STACK)

    Global Symbols

    Symbol Name                              Value     Ov Type        Size  Object(Section)

    BuildAttributes$$THM_ISAv4$P$D$K$B$S$PE$A:L22UL41UL21$X:L11$S22US41US21$IEEE1$IW$USESV6$~STKCKD$USESV7$~SHL$OTIME$ROPI$IEEEJ$EBA8$MICROLIB$REQ8$PRES8$EABIv2 0x00000000   Number         0  anon$$obj.o ABSOLUTE
    __ARM_use_no_argv                        0x00000000   Number         0  main.o ABSOLUTE
    _printf_a                                0x00000000   Number         0  stubs.o ABSOLUTE
    _printf_c                                0x00000000   Number         0  stubs.o ABSOLUTE
    _printf_charcount                        0x00000000   Number         0  stubs.o ABSOLUTE
    _printf_d                                0x00000000   Number         0  stubs.o ABSOLUTE
    _printf_e                                0x00000000   Number         0  stubs.o ABSOLUTE
    _printf_f                                0x00000000   Number         0  stubs.o ABSOLUTE
    _printf_flags                            0x00000000   Number         0  stubs.o ABSOLUTE
    _printf_fp_dec                           0x00000000   Number         0  stubs.o ABSOLUTE
    _printf_fp_hex                           0x00000000   Number         0  stubs.o ABSOLUTE
    _printf_g                                0x00000000   Number         0  stubs.o ABSOLUTE
    _printf_i                                0x00000000   Number         0  stubs.o ABSOLUTE
    _printf_int_dec                          0x00000000   Number         0  stubs.o ABSOLUTE
    _printf_l                                0x00000000   Number         0  stubs.o ABSOLUTE
    _printf_lc                               0x00000000   Number         0  stubs.o ABSOLUTE
    _printf_ll                               0x00000000   Number         0  stubs.o ABSOLUTE
    _printf_lld                              0x00000000   Number         0  stubs.o ABSOLUTE
    _printf_lli                              0x00000000   Number         0  stubs.o ABSOLUTE
    _printf_llo                              0x00000000   Number         0  stubs.o ABSOLUTE
    _printf_llu                              0x00000000   Number         0  stubs.o ABSOLUTE
    _printf_llx                              0x00000000   Number         0  stubs.o ABSOLUTE
    _printf_longlong_dec                     0x00000000   Number         0  stubs.o ABSOLUTE
    _printf_longlong_hex                     0x00000000   Number         0  stubs.o ABSOLUTE
    _printf_longlong_oct                     0x00000000   Number         0  stubs.o ABSOLUTE
    _printf_ls                               0x00000000   Number         0  stubs.o ABSOLUTE
    _printf_mbtowc                           0x00000000   Number         0  stubs.o ABSOLUTE
    _printf_n                                0x00000000   Number         0  stubs.o ABSOLUTE
    _printf_o                                0x00000000   Number         0  stubs.o ABSOLUTE
    _printf_p                                0x00000000   Number         0  stubs.o ABSOLUTE
    _printf_percent                          0x00000000   Number         0  stubs.o ABSOLUTE
    _printf_pre_padding                      0x00000000   Number         0  stubs.o ABSOLUTE
    _printf_return_value                     0x00000000   Number         0  stubs.o ABSOLUTE
    _printf_s                                0x00000000   Number         0  stubs.o ABSOLUTE
    _printf_sizespec                         0x00000000   Number         0  stubs.o ABSOLUTE
    _printf_str                              0x00000000   Number         0  stubs.o ABSOLUTE
    _printf_truncate_signed                  0x00000000   Number         0  stubs.o ABSOLUTE
    _printf_truncate_unsigned                0x00000000   Number         0  stubs.o ABSOLUTE
    _printf_u                                0x00000000   Number         0  stubs.o ABSOLUTE
    _printf_wc                               0x00000000   Number         0  stubs.o ABSOLUTE
    _printf_wctomb                           0x00000000   Number         0  stubs.o ABSOLUTE
    _printf_widthprec                        0x00000000   Number         0  stubs.o ABSOLUTE
    _printf_x                                0x00000000   Number         0  stubs.o ABSOLUTE
    __cpp_initialize__aeabi_                  - Undefined Weak Reference
    __cxa_finalize                            - Undefined Weak Reference
    __decompress                              - Undefined Weak Reference
    _clock_init                               - Undefined Weak Reference
    _microlib_exit                            - Undefined Weak Reference
    __Vectors_Size                           0x000000ec   Number         0  startup_stm32f103xb.o ABSOLUTE
    __Vectors                                0x08000000   Data           4  startup_stm32f103xb.o(RESET)
    __Vectors_End                            0x080000ec   Data           0  startup_stm32f103xb.o(RESET)
    __main                                   0x080000ed   Thumb Code     0  entry.o(.ARM.Collect$$$$00000000)
    _main_stk                                0x080000ed   Thumb Code     0  entry2.o(.ARM.Collect$$$$00000001)
    _main_scatterload                        0x080000f1   Thumb Code     0  entry5.o(.ARM.Collect$$$$00000004)
    __main_after_scatterload                 0x080000f5   Thumb Code     0  entry5.o(.ARM.Collect$$$$00000004)
    _main_clock                              0x080000f5   Thumb Code     0  entry7b.o(.ARM.Collect$$$$00000008)
    _main_cpp_init                           0x080000f5   Thumb Code     0  entry8b.o(.ARM.Collect$$$$0000000A)
    _main_init                               0x080000f5   Thumb Code     0  entry9a.o(.ARM.Collect$$$$0000000B)
    __rt_final_cpp                           0x080000fd   Thumb Code     0  entry10a.o(.ARM.Collect$$$$0000000D)
    __rt_final_exit                          0x080000fd   Thumb Code     0  entry11a.o(.ARM.Collect$$$$0000000F)
    Reset_Handler                            0x08000101   Thumb Code     8  startup_stm32f103xb.o(.text)
    ADC1_2_IRQHandler                        0x0800011b   Thumb Code     0  startup_stm32f103xb.o(.text)
    CAN1_RX1_IRQHandler                      0x0800011b   Thumb Code     0  startup_stm32f103xb.o(.text)
    CAN1_SCE_IRQHandler                      0x0800011b   Thumb Code     0  startup_stm32f103xb.o(.text)
    DMA1_Channel1_IRQHandler                 0x0800011b   Thumb Code     0  startup_stm32f103xb.o(.text)
    DMA1_Channel2_IRQHandler                 0x0800011b   Thumb Code     0  startup_stm32f103xb.o(.text)
    DMA1_Channel3_IRQHandler                 0x0800011b   Thumb Code     0  startup_stm32f103xb.o(.text)
    DMA1_Channel4_IRQHandler                 0x0800011b   Thumb Code     0  startup_stm32f103xb.o(.text)
    DMA1_Channel5_IRQHandler                 0x0800011b   Thumb Code     0  startup_stm32f103xb.o(.text)
    EXTI0_IRQHandler                         0x0800011b   Thumb Code     0  startup_stm32f103xb.o(.text)
    EXTI15_10_IRQHandler                     0x0800011b   Thumb Code     0  startup_stm32f103xb.o(.text)
    EXTI1_IRQHandler                         0x0800011b   Thumb Code     0  startup_stm32f103xb.o(.text)
    EXTI2_IRQHandler                         0x0800011b   Thumb Code     0  startup_stm32f103xb.o(.text)
    EXTI3_IRQHandler                         0x0800011b   Thumb Code     0  startup_stm32f103xb.o(.text)
    EXTI4_IRQHandler                         0x0800011b   Thumb Code     0  startup_stm32f103xb.o(.text)
    EXTI9_5_IRQHandler                       0x0800011b   Thumb Code     0  startup_stm32f103xb.o(.text)
    FLASH_IRQHandler                         0x0800011b   Thumb Code     0  startup_stm32f103xb.o(.text)
    I2C1_ER_IRQHandler                       0x0800011b   Thumb Code     0  startup_stm32f103xb.o(.text)
    I2C1_EV_IRQHandler                       0x0800011b   Thumb Code     0  startup_stm32f103xb.o(.text)
    I2C2_ER_IRQHandler                       0x0800011b   Thumb Code     0  startup_stm32f103xb.o(.text)
    I2C2_EV_IRQHandler                       0x0800011b   Thumb Code     0  startup_stm32f103xb.o(.text)
    PVD_IRQHandler                           0x0800011b   Thumb Code     0  startup_stm32f103xb.o(.text)
    RCC_IRQHandler                           0x0800011b   Thumb Code     0  startup_stm32f103xb.o(.text)
    RTC_Alarm_IRQHandler                     0x0800011b   Thumb Code     0  startup_stm32f103xb.o(.text)
    RTC_IRQHandler                           0x0800011b   Thumb Code     0  startup_stm32f103xb.o(.text)
    SPI1_IRQHandler                          0x0800011b   Thumb Code     0  startup_stm32f103xb.o(.text)
    SPI2_IRQHandler                          0x0800011b   Thumb Code     0  startup_stm32f103xb.o(.text)
    TAMPER_IRQHandler                        0x0800011b   Thumb Code     0  startup_stm32f103xb.o(.text)
    TIM1_BRK_IRQHandler                      0x0800011b   Thumb Code     0  startup_stm32f103xb.o(.text)
    TIM1_TRG_COM_IRQHandler                  0x0800011b   Thumb Code     0  startup_stm32f103xb.o(.text)
    TIM1_UP_IRQHandler                       0x0800011b   Thumb Code     0  startup_stm32f103xb.o(.text)
    TIM2_IRQHandler                          0x0800011b   Thumb Code     0  startup_stm32f103xb.o(.text)
    USART2_IRQHandler                        0x0800011b   Thumb Code     0  startup_stm32f103xb.o(.text)
    USBWakeUp_IRQHandler                     0x0800011b   Thumb Code     0  startup_stm32f103xb.o(.text)
    USB_HP_CAN1_TX_IRQHandler                0x0800011b   Thumb Code     0  startup_stm32f103xb.o(.text)
    USB_LP_CAN1_RX0_IRQHandler               0x0800011b   Thumb Code     0  startup_stm32f103xb.o(.text)
    WWDG_IRQHandler                          0x0800011b   Thumb Code     0  startup_stm32f103xb.o(.text)
    __aeabi_llsr                             0x08000125   Thumb Code    32  llushr.o(.text)
    _ll_ushift_r                             0x08000125   Thumb Code     0  llushr.o(.text)
    __aeabi_memcpy                           0x08000145   Thumb Code    36  memcpya.o(.text)
    __aeabi_memcpy4                          0x08000145   Thumb Code     0  memcpya.o(.text)
    __aeabi_memcpy8                          0x08000145   Thumb Code     0  memcpya.o(.text)
    __aeabi_memset                           0x08000169   Thumb Code    14  memseta.o(.text)
    __aeabi_memset4                          0x08000169   Thumb Code     0  memseta.o(.text)
    __aeabi_memset8                          0x08000169   Thumb Code     0  memseta.o(.text)
    __aeabi_memclr                           0x08000177   Thumb Code     4  memseta.o(.text)
    __aeabi_memclr4                          0x08000177   Thumb Code     0  memseta.o(.text)
    __aeabi_memclr8                          0x08000177   Thumb Code     0  memseta.o(.text)
    _memset$wrapper                          0x0800017b   Thumb Code    18  memseta.o(.text)
    __aeabi_fadd                             0x0800018d   Thumb Code   164  fadd.o(.text)
    __aeabi_fsub                             0x08000231   Thumb Code     6  fadd.o(.text)
    __aeabi_frsub                            0x08000237   Thumb Code     6  fadd.o(.text)
    __aeabi_fmul                             0x0800023d   Thumb Code   100  fmul.o(.text)
    __ARM_scalbnf                            0x080002a1   Thumb Code    24  fscalb.o(.text)
    scalbnf                                  0x080002a1   Thumb Code     0  fscalb.o(.text)
    __aeabi_ddiv                             0x080002b9   Thumb Code   222  ddiv.o(.text)
    __aeabi_ui2f                             0x08000397   Thumb Code    10  ffltui.o(.text)
    __aeabi_f2iz                             0x080003a1   Thumb Code    50  ffixi.o(.text)
    __aeabi_f2d                              0x080003d3   Thumb Code    38  f2d.o(.text)
    __aeabi_d2f                              0x080003f9   Thumb Code    56  d2f.o(.text)
    __aeabi_cfcmpeq                          0x08000431   Thumb Code     0  cfcmple.o(.text)
    __aeabi_cfcmple                          0x08000431   Thumb Code    20  cfcmple.o(.text)
    __aeabi_cfrcmple                         0x08000445   Thumb Code    20  cfrcmple.o(.text)
    __aeabi_uidiv                            0x08000459   Thumb Code     0  uidiv.o(.text)
    __aeabi_uidivmod                         0x08000459   Thumb Code    44  uidiv.o(.text)
    __aeabi_uldivmod                         0x08000485   Thumb Code    98  uldiv.o(.text)
    __strtod_int                             0x0800051f   Thumb Code    88  strtod.o(.text)
    __I$use$fp                               0x08000585   Thumb Code     0  iusefp.o(.text)
    _float_round                             0x08000585   Thumb Code    18  fepilogue.o(.text)
    _float_epilogue                          0x08000597   Thumb Code    92  fepilogue.o(.text)
    _double_round                            0x080005f3   Thumb Code    30  depilogue.o(.text)
    _double_epilogue                         0x08000611   Thumb Code   156  depilogue.o(.text)
    __aeabi_dadd                             0x080006ad   Thumb Code   322  dadd.o(.text)
    __aeabi_dsub                             0x080007ef   Thumb Code     6  dadd.o(.text)
    __aeabi_drsub                            0x080007f5   Thumb Code     6  dadd.o(.text)
    __aeabi_dmul                             0x080007fb   Thumb Code   228  dmul.o(.text)
    __aeabi_d2ulz                            0x080008df   Thumb Code    48  dfixul.o(.text)
    __aeabi_cdrcmple                         0x08000911   Thumb Code    48  cdrcmple.o(.text)
    __scatterload                            0x08000941   Thumb Code    28  init.o(.text)
    __scatterload_rt2                        0x08000941   Thumb Code     0  init.o(.text)
    __aeabi_llsl                             0x08000965   Thumb Code    30  llshl.o(.text)
    _ll_shift_l                              0x08000965   Thumb Code     0  llshl.o(.text)
    __aeabi_lasr                             0x08000983   Thumb Code    36  llsshr.o(.text)
    _ll_sshift_r                             0x08000983   Thumb Code     0  llsshr.o(.text)
    isspace                                  0x080009a7   Thumb Code    10  isspace_c.o(.text)
    _scanf_real                              0x08000ab1   Thumb Code     0  scanf_fp.o(.text)
    _scanf_really_real                       0x08000ab1   Thumb Code   556  scanf_fp.o(.text)
    _sgetc                                   0x08000ce9   Thumb Code    30  _sgetc.o(.text)
    _sbackspace                              0x08000d07   Thumb Code    34  _sgetc.o(.text)
    __ctype_lookup                           0x08000d29   Thumb Code    34  ctype_c.o(.text)
    __aeabi_ul2d                             0x08000d51   Thumb Code    24  dfltul.o(.text)
    BusFault_Handler                         0x08000d69   Thumb Code     2  stm32f1xx_it.o(i.BusFault_Handler)
    DMA1_Channel6_IRQHandler                 0x08000d6d   Thumb Code     6  stm32f1xx_it.o(i.DMA1_Channel6_IRQHandler)
    DMA1_Channel7_IRQHandler                 0x08000d79   Thumb Code     6  stm32f1xx_it.o(i.DMA1_Channel7_IRQHandler)
    DataGet1                                 0x08000db1   Thumb Code    34  main.o(i.DataGet1)
    DataGet2                                 0x08000dd9   Thumb Code    72  main.o(i.DataGet2)
    DebugMon_Handler                         0x08000e29   Thumb Code     2  stm32f1xx_it.o(i.DebugMon_Handler)
    Delay_stop                               0x08000e2d   Thumb Code    58  main.o(i.Delay_stop)
    Error_Handler                            0x08000e71   Thumb Code     4  main.o(i.Error_Handler)
    HAL_DMA_Abort                            0x08000e75   Thumb Code    70  stm32f1xx_hal_dma.o(i.HAL_DMA_Abort)
    HAL_DMA_Abort_IT                         0x08000ebd   Thumb Code   148  stm32f1xx_hal_dma.o(i.HAL_DMA_Abort_IT)
    HAL_DMA_IRQHandler                       0x08000f55   Thumb Code   316  stm32f1xx_hal_dma.o(i.HAL_DMA_IRQHandler)
    HAL_DMA_Init                             0x080010a9   Thumb Code    84  stm32f1xx_hal_dma.o(i.HAL_DMA_Init)
    HAL_DMA_Start_IT                         0x08001105   Thumb Code   112  stm32f1xx_hal_dma.o(i.HAL_DMA_Start_IT)
    HAL_Delay                                0x08001175   Thumb Code    32  stm32f1xx_hal.o(i.HAL_Delay)
    HAL_GPIO_Init                            0x08001199   Thumb Code   446  stm32f1xx_hal_gpio.o(i.HAL_GPIO_Init)
    HAL_GPIO_ReadPin                         0x08001379   Thumb Code    10  stm32f1xx_hal_gpio.o(i.HAL_GPIO_ReadPin)
    HAL_GPIO_TogglePin                       0x08001383   Thumb Code    16  stm32f1xx_hal_gpio.o(i.HAL_GPIO_TogglePin)
    HAL_GPIO_WritePin                        0x08001393   Thumb Code    10  stm32f1xx_hal_gpio.o(i.HAL_GPIO_WritePin)
    HAL_GetTick                              0x0800139d   Thumb Code     6  stm32f1xx_hal.o(i.HAL_GetTick)
    HAL_IncTick                              0x080013a9   Thumb Code    12  stm32f1xx_hal.o(i.HAL_IncTick)
    HAL_Init                                 0x080013b9   Thumb Code    32  stm32f1xx_hal.o(i.HAL_Init)
    HAL_InitTick                             0x080013dd   Thumb Code    54  stm32f1xx_hal.o(i.HAL_InitTick)
    HAL_MspInit                              0x0800141d   Thumb Code    52  stm32f1xx_hal_msp.o(i.HAL_MspInit)
    HAL_NVIC_EnableIRQ                       0x08001459   Thumb Code    26  stm32f1xx_hal_cortex.o(i.HAL_NVIC_EnableIRQ)
    HAL_NVIC_SetPriority                     0x08001475   Thumb Code    60  stm32f1xx_hal_cortex.o(i.HAL_NVIC_SetPriority)
    HAL_NVIC_SetPriorityGrouping             0x080014b5   Thumb Code    26  stm32f1xx_hal_cortex.o(i.HAL_NVIC_SetPriorityGrouping)
    HAL_RCC_ClockConfig                      0x080014d9   Thumb Code   280  stm32f1xx_hal_rcc.o(i.HAL_RCC_ClockConfig)
    HAL_RCC_GetPCLK1Freq                     0x08001605   Thumb Code    20  stm32f1xx_hal_rcc.o(i.HAL_RCC_GetPCLK1Freq)
    HAL_RCC_GetPCLK2Freq                     0x08001625   Thumb Code    20  stm32f1xx_hal_rcc.o(i.HAL_RCC_GetPCLK2Freq)
    HAL_RCC_GetSysClockFreq                  0x08001645   Thumb Code    74  stm32f1xx_hal_rcc.o(i.HAL_RCC_GetSysClockFreq)
    HAL_RCC_OscConfig                        0x080016b1   Thumb Code   778  stm32f1xx_hal_rcc.o(i.HAL_RCC_OscConfig)
    HAL_SYSTICK_Config                       0x080019d1   Thumb Code    40  stm32f1xx_hal_cortex.o(i.HAL_SYSTICK_Config)
    HAL_TIMEx_BreakCallback                  0x080019f9   Thumb Code     2  stm32f1xx_hal_tim_ex.o(i.HAL_TIMEx_BreakCallback)
    HAL_TIMEx_CommutCallback                 0x080019fb   Thumb Code     2  stm32f1xx_hal_tim_ex.o(i.HAL_TIMEx_CommutCallback)
    HAL_TIMEx_MasterConfigSynchronization    0x080019fd   Thumb Code    92  stm32f1xx_hal_tim_ex.o(i.HAL_TIMEx_MasterConfigSynchronization)
    HAL_TIM_Base_Init                        0x08001a65   Thumb Code    90  stm32f1xx_hal_tim.o(i.HAL_TIM_Base_Init)
    HAL_TIM_Base_MspInit                     0x08001ac1   Thumb Code   108  tim.o(i.HAL_TIM_Base_MspInit)
    HAL_TIM_Base_Start_IT                    0x08001b39   Thumb Code    76  stm32f1xx_hal_tim.o(i.HAL_TIM_Base_Start_IT)
    HAL_TIM_ConfigClockSource                0x08001b91   Thumb Code   214  stm32f1xx_hal_tim.o(i.HAL_TIM_ConfigClockSource)
    HAL_TIM_IC_CaptureCallback               0x08001c69   Thumb Code   298  main.o(i.HAL_TIM_IC_CaptureCallback)
    HAL_TIM_IC_ConfigChannel                 0x08001db1   Thumb Code   270  stm32f1xx_hal_tim.o(i.HAL_TIM_IC_ConfigChannel)
    HAL_TIM_IC_Init                          0x08001ebf   Thumb Code    90  stm32f1xx_hal_tim.o(i.HAL_TIM_IC_Init)
    HAL_TIM_IC_MspInit                       0x08001f19   Thumb Code    94  tim.o(i.HAL_TIM_IC_MspInit)
    HAL_TIM_IC_Start_IT                      0x08001f85   Thumb Code   212  stm32f1xx_hal_tim.o(i.HAL_TIM_IC_Start_IT)
    HAL_TIM_IRQHandler                       0x08002065   Thumb Code   358  stm32f1xx_hal_tim.o(i.HAL_TIM_IRQHandler)
    HAL_TIM_MspPostInit                      0x080021cd   Thumb Code    64  tim.o(i.HAL_TIM_MspPostInit)
    HAL_TIM_OC_DelayElapsedCallback          0x08002219   Thumb Code     2  stm32f1xx_hal_tim.o(i.HAL_TIM_OC_DelayElapsedCallback)
    HAL_TIM_PWM_ConfigChannel                0x0800221b   Thumb Code   198  stm32f1xx_hal_tim.o(i.HAL_TIM_PWM_ConfigChannel)
    HAL_TIM_PWM_Init                         0x080022e1   Thumb Code    90  stm32f1xx_hal_tim.o(i.HAL_TIM_PWM_Init)
    HAL_TIM_PWM_MspInit                      0x0800233b   Thumb Code     2  stm32f1xx_hal_tim.o(i.HAL_TIM_PWM_MspInit)
    HAL_TIM_PWM_PulseFinishedCallback        0x0800233d   Thumb Code     2  stm32f1xx_hal_tim.o(i.HAL_TIM_PWM_PulseFinishedCallback)
    HAL_TIM_PWM_Start                        0x08002341   Thumb Code   144  stm32f1xx_hal_tim.o(i.HAL_TIM_PWM_Start)
    HAL_TIM_PeriodElapsedCallback            0x080023dd   Thumb Code   420  main.o(i.HAL_TIM_PeriodElapsedCallback)
    HAL_TIM_ReadCapturedValue                0x08002599   Thumb Code    42  stm32f1xx_hal_tim.o(i.HAL_TIM_ReadCapturedValue)
    HAL_TIM_TriggerCallback                  0x080025c3   Thumb Code     2  stm32f1xx_hal_tim.o(i.HAL_TIM_TriggerCallback)
    HAL_UARTEx_RxEventCallback               0x080025c5   Thumb Code     2  stm32f1xx_hal_uart.o(i.HAL_UARTEx_RxEventCallback)
    HAL_UART_AbortReceiveCpltCallback        0x080025c7   Thumb Code     2  stm32f1xx_hal_uart.o(i.HAL_UART_AbortReceiveCpltCallback)
    HAL_UART_AbortReceive_IT                 0x080025c9   Thumb Code   106  stm32f1xx_hal_uart.o(i.HAL_UART_AbortReceive_IT)
    HAL_UART_ErrorCallback                   0x08002639   Thumb Code     2  stm32f1xx_hal_uart.o(i.HAL_UART_ErrorCallback)
    HAL_UART_IRQHandler                      0x0800263d   Thumb Code   520  stm32f1xx_hal_uart.o(i.HAL_UART_IRQHandler)
    HAL_UART_Init                            0x08002849   Thumb Code    98  stm32f1xx_hal_uart.o(i.HAL_UART_Init)
    HAL_UART_MspInit                         0x080028ad   Thumb Code   378  usart.o(i.HAL_UART_MspInit)
    HAL_UART_Receive_DMA                     0x08002a4d   Thumb Code    42  stm32f1xx_hal_uart.o(i.HAL_UART_Receive_DMA)
    HAL_UART_Receive_IT                      0x08002a77   Thumb Code    42  stm32f1xx_hal_uart.o(i.HAL_UART_Receive_IT)
    HAL_UART_RxCpltCallback                  0x08002aa1   Thumb Code   166  main.o(i.HAL_UART_RxCpltCallback)
    HAL_UART_RxHalfCpltCallback              0x08002b61   Thumb Code     2  stm32f1xx_hal_uart.o(i.HAL_UART_RxHalfCpltCallback)
    HAL_UART_Transmit                        0x08002b65   Thumb Code   178  stm32f1xx_hal_uart.o(i.HAL_UART_Transmit)
    HAL_UART_TxCpltCallback                  0x08002c17   Thumb Code     2  stm32f1xx_hal_uart.o(i.HAL_UART_TxCpltCallback)
    HardFault_Handler                        0x08002c19   Thumb Code     2  stm32f1xx_it.o(i.HardFault_Handler)
    I2C_Start                                0x08002c1d   Thumb Code    48  oled.o(i.I2C_Start)
    I2C_Stop                                 0x08002c51   Thumb Code    38  oled.o(i.I2C_Stop)
    I2C_WaitAck                              0x08002c7d   Thumb Code    28  oled.o(i.I2C_WaitAck)
    MX_DMA_Init                              0x08002c9d   Thumb Code    56  dma.o(i.MX_DMA_Init)
    MX_GPIO_Init                             0x08002cd9   Thumb Code   206  gpio.o(i.MX_GPIO_Init)
    MX_TIM1_Init                             0x08002db9   Thumb Code   150  tim.o(i.MX_TIM1_Init)
    MX_TIM2_Init                             0x08002e59   Thumb Code    94  tim.o(i.MX_TIM2_Init)
    MX_TIM3_Init                             0x08002ebd   Thumb Code    96  tim.o(i.MX_TIM3_Init)
    MX_TIM4_Init                             0x08002f25   Thumb Code   162  tim.o(i.MX_TIM4_Init)
    MX_USART1_UART_Init                      0x08002fd1   Thumb Code    48  usart.o(i.MX_USART1_UART_Init)
    MX_USART2_UART_Init                      0x08003009   Thumb Code    48  usart.o(i.MX_USART2_UART_Init)
    MX_USART3_UART_Init                      0x08003041   Thumb Code    48  usart.o(i.MX_USART3_UART_Init)
    MemManage_Handler                        0x08003079   Thumb Code     2  stm32f1xx_it.o(i.MemManage_Handler)
    Move_pid                                 0x0800307d   Thumb Code   126  main.o(i.Move_pid)
    NMI_Handler                              0x08003115   Thumb Code     2  stm32f1xx_it.o(i.NMI_Handler)
    OLED_Clear                               0x08003119   Thumb Code    40  oled.o(i.OLED_Clear)
    OLED_Init                                0x08003145   Thumb Code   296  oled.o(i.OLED_Init)
    OLED_Refresh                             0x08003275   Thumb Code    70  oled.o(i.OLED_Refresh)
    OLED_WR_Byte                             0x080032c1   Thumb Code    54  oled.o(i.OLED_WR_Byte)
    PID                                      0x080032f7   Thumb Code   108  main.o(i.PID)
    PendSV_Handler                           0x08003363   Thumb Code     2  stm32f1xx_it.o(i.PendSV_Handler)
    SVC_Handler                              0x08003365   Thumb Code     2  stm32f1xx_it.o(i.SVC_Handler)
    Send_Byte                                0x08003369   Thumb Code    70  oled.o(i.Send_Byte)
    Stop                                     0x080033b5   Thumb Code    24  main.o(i.Stop)
    SysTick_Handler                          0x080033cd   Thumb Code     4  stm32f1xx_it.o(i.SysTick_Handler)
    SystemClock_Config                       0x080033d1   Thumb Code    94  main.o(i.SystemClock_Config)
    SystemInit                               0x0800342f   Thumb Code     2  system_stm32f1xx.o(i.SystemInit)
    TIM1_CC_IRQHandler                       0x08003431   Thumb Code     6  stm32f1xx_it.o(i.TIM1_CC_IRQHandler)
    TIM3_IRQHandler                          0x0800343d   Thumb Code     6  stm32f1xx_it.o(i.TIM3_IRQHandler)
    TIM4_IRQHandler                          0x08003449   Thumb Code     6  stm32f1xx_it.o(i.TIM4_IRQHandler)
    TIM_Base_SetConfig                       0x08003455   Thumb Code    94  stm32f1xx_hal_tim.o(i.TIM_Base_SetConfig)
    TIM_CCxChannelCmd                        0x080034c1   Thumb Code    26  stm32f1xx_hal_tim.o(i.TIM_CCxChannelCmd)
    TIM_ETR_SetConfig                        0x080034db   Thumb Code    20  stm32f1xx_hal_tim.o(i.TIM_ETR_SetConfig)
    TIM_OC2_SetConfig                        0x08003551   Thumb Code    84  stm32f1xx_hal_tim.o(i.TIM_OC2_SetConfig)
    TIM_TI1_SetConfig                        0x08003669   Thumb Code    76  stm32f1xx_hal_tim.o(i.TIM_TI1_SetConfig)
    UART_Start_Receive_DMA                   0x080039b1   Thumb Code    98  stm32f1xx_hal_uart.o(i.UART_Start_Receive_DMA)
    UART_Start_Receive_IT                    0x08003a21   Thumb Code    54  stm32f1xx_hal_uart.o(i.UART_Start_Receive_IT)
    USART1_IRQHandler                        0x08003abd   Thumb Code     6  stm32f1xx_it.o(i.USART1_IRQHandler)
    USART3_IRQHandler                        0x08003ac9   Thumb Code     6  stm32f1xx_it.o(i.USART3_IRQHandler)
    UsageFault_Handler                       0x08003ad5   Thumb Code     2  stm32f1xx_it.o(i.UsageFault_Handler)
    Wheel                                    0x08003ad9   Thumb Code   110  main.o(i.Wheel)
    __0printf                                0x08003b59   Thumb Code    22  printfa.o(i.__0printf)
    __1printf                                0x08003b59   Thumb Code     0  printfa.o(i.__0printf)
    __2printf                                0x08003b59   Thumb Code     0  printfa.o(i.__0printf)
    __c89printf                              0x08003b59   Thumb Code     0  printfa.o(i.__0printf)
    printf                                   0x08003b59   Thumb Code     0  printfa.o(i.__0printf)
    __read_errno                             0x08003b99   Thumb Code     6  errno.o(i.__read_errno)
    __scatterload_copy                       0x08003ba5   Thumb Code    14  handlers.o(i.__scatterload_copy)
    __scatterload_null                       0x08003bb3   Thumb Code     2  handlers.o(i.__scatterload_null)
    __scatterload_zeroinit                   0x08003bb5   Thumb Code    14  handlers.o(i.__scatterload_zeroinit)
    __set_errno                              0x08003bc5   Thumb Code     6  errno.o(i.__set_errno)
    _is_digit                                0x08003d35   Thumb Code    14  scanf_fp.o(i._is_digit)
    atof                                     0x08004473   Thumb Code    42  atof.o(i.atof)
    fputc                                    0x0800449d   Thumb Code    18  main.o(i.fputc)
    initPID                                  0x080044b5   Thumb Code    30  main.o(i.initPID)
    main                                     0x080044d5   Thumb Code   340  main.o(i.main)
    AHBPrescTable                            0x08004668   Data          16  system_stm32f1xx.o(.constdata)
    APBPrescTable                            0x08004678   Data           8  system_stm32f1xx.o(.constdata)
    __ctype_categories                       0x08004680   Data          64  ctype_c.o(.constdata)
    Region$$Table$$Base                      0x080046c0   Number         0  anon$$obj.o(Region$$Table)
    Region$$Table$$Limit                     0x080046e0   Number         0  anon$$obj.o(Region$$Table)
    rx_buf1                                  0x20000000   Data           1  main.o(.data)
    rx_buf2                                  0x20000001   Data           1  main.o(.data)
    rx_buf3                                  0x20000002   Data           1  main.o(.data)
    temp                                     0x20000004   Data           4  main.o(.data)
    En                                       0x20000008   Data           4  main.o(.data)
    Enflag                                   0x2000000c   Data           4  main.o(.data)
    Enflag2                                  0x20000010   Data           4  main.o(.data)
    startpid                                 0x20000014   Data           4  main.o(.data)
    mark                                     0x20000018   Data           4  main.o(.data)
    G_Systime                                0x2000003c   Data           4  main.o(.data)
    PWM1                                     0x20000040   Data           4  main.o(.data)
    PWM2                                     0x20000044   Data           4  main.o(.data)
    PWM                                      0x20000048   Data           4  main.o(.data)
    uwTickFreq                               0x2000004c   Data           1  stm32f1xx_hal.o(.data)
    uwTickPrio                               0x20000050   Data           4  stm32f1xx_hal.o(.data)
    uwTick                                   0x20000054   Data           4  stm32f1xx_hal.o(.data)
    SystemCoreClock                          0x20000058   Data           4  system_stm32f1xx.o(.data)
    __stdout                                 0x2000005c   Data           4  stdout.o(.data)
    OLED_GRAM                                0x20000064   Data        1152  oled.o(.bss)
    gest                                     0x20000510   Data          36  main.o(.bss)
    tgest                                    0x20000534   Data          36  main.o(.bss)
    angxpid                                  0x20000558   Data          32  main.o(.bss)
    v1pid                                    0x20000578   Data          32  main.o(.bss)
    v2pid                                    0x20000598   Data          32  main.o(.bss)
    htim1                                    0x200005b8   Data          72  tim.o(.bss)
    htim2                                    0x20000600   Data          72  tim.o(.bss)
    htim3                                    0x20000648   Data          72  tim.o(.bss)
    htim4                                    0x20000690   Data          72  tim.o(.bss)
    huart1                                   0x200006d8   Data          68  usart.o(.bss)
    huart2                                   0x2000071c   Data          68  usart.o(.bss)
    huart3                                   0x20000760   Data          68  usart.o(.bss)
    hdma_usart2_rx                           0x200007a4   Data          68  usart.o(.bss)
    hdma_usart2_tx                           0x200007e8   Data          68  usart.o(.bss)
    __initial_sp                             0x20000c30   Data           0  startup_stm32f103xb.o(STACK)



==============================================================================

Memory Map of the image

  Image Entry point : 0x080000ed

  Load Region LR_IROM1 (Base: 0x08000000, Size: 0x00004744, Max: 0x00010000, ABSOLUTE)

    Execution Region ER_IROM1 (Base: 0x08000000, Size: 0x000046e0, Max: 0x00010000, ABSOLUTE)

    Base Addr    Size         Type   Attr      Idx    E Section Name        Object

    0x08000000   0x000000ec   Data   RO            3    RESET               startup_stm32f103xb.o
    0x080000ec   0x00000000   Code   RO         3134  * .ARM.Collect$$$$00000000  mc_w.l(entry.o)
    0x080000ec   0x00000004   Code   RO         3426    .ARM.Collect$$$$00000001  mc_w.l(entry2.o)
    0x080000f0   0x00000004   Code   RO         3429    .ARM.Collect$$$$00000004  mc_w.l(entry5.o)
    0x080000f4   0x00000000   Code   RO         3431    .ARM.Collect$$$$00000008  mc_w.l(entry7b.o)
    0x080000f4   0x00000000   Code   RO         3433    .ARM.Collect$$$$0000000A  mc_w.l(entry8b.o)
    0x080000f4   0x00000008   Code   RO         3434    .ARM.Collect$$$$0000000B  mc_w.l(entry9a.o)
    0x080000fc   0x00000000   Code   RO         3436    .ARM.Collect$$$$0000000D  mc_w.l(entry10a.o)
    0x080000fc   0x00000000   Code   RO         3438    .ARM.Collect$$$$0000000F  mc_w.l(entry11a.o)
    0x080000fc   0x00000004   Code   RO         3427    .ARM.Collect$$$$00002712  mc_w.l(entry2.o)
    0x08000100   0x00000024   Code   RO            4    .text               startup_stm32f103xb.o
    0x08000124   0x00000020   Code   RO         3137    .text               mc_w.l(llushr.o)
    0x08000144   0x00000024   Code   RO         3139    .text               mc_w.l(memcpya.o)
    0x08000168   0x00000024   Code   RO         3141    .text               mc_w.l(memseta.o)
    0x0800018c   0x000000b0   Code   RO         3406    .text               mf_w.l(fadd.o)
    0x0800023c   0x00000064   Code   RO         3408    .text               mf_w.l(fmul.o)
    0x080002a0   0x00000018   Code   RO         3410    .text               mf_w.l(fscalb.o)
    0x080002b8   0x000000de   Code   RO         3412    .text               mf_w.l(ddiv.o)
    0x08000396   0x0000000a   Code   RO         3414    .text               mf_w.l(ffltui.o)
    0x080003a0   0x00000032   Code   RO         3416    .text               mf_w.l(ffixi.o)
    0x080003d2   0x00000026   Code   RO         3418    .text               mf_w.l(f2d.o)
    0x080003f8   0x00000038   Code   RO         3420    .text               mf_w.l(d2f.o)
    0x08000430   0x00000014   Code   RO         3422    .text               mf_w.l(cfcmple.o)
    0x08000444   0x00000014   Code   RO         3424    .text               mf_w.l(cfrcmple.o)
    0x08000458   0x0000002c   Code   RO         3441    .text               mc_w.l(uidiv.o)
    0x08000484   0x00000062   Code   RO         3443    .text               mc_w.l(uldiv.o)
    0x080004e6   0x00000002   PAD
    0x080004e8   0x0000009c   Code   RO         3452    .text               mc_w.l(strtod.o)
    0x08000584   0x00000000   Code   RO         3454    .text               mc_w.l(iusefp.o)
    0x08000584   0x0000006e   Code   RO         3455    .text               mf_w.l(fepilogue.o)
    0x080005f2   0x000000ba   Code   RO         3457    .text               mf_w.l(depilogue.o)
    0x080006ac   0x0000014e   Code   RO         3459    .text               mf_w.l(dadd.o)
    0x080007fa   0x000000e4   Code   RO         3461    .text               mf_w.l(dmul.o)
    0x080008de   0x00000030   Code   RO         3463    .text               mf_w.l(dfixul.o)
    0x0800090e   0x00000002   PAD
    0x08000910   0x00000030   Code   RO         3465    .text               mf_w.l(cdrcmple.o)
    0x08000940   0x00000024   Code   RO         3467    .text               mc_w.l(init.o)
    0x08000964   0x0000001e   Code   RO         3469    .text               mc_w.l(llshl.o)
    0x08000982   0x00000024   Code   RO         3471    .text               mc_w.l(llsshr.o)
    0x080009a6   0x0000000a   Code   RO         3473    .text               mc_w.l(isspace_c.o)
    0x080009b0   0x00000338   Code   RO         3475    .text               mc_w.l(scanf_fp.o)
    0x08000ce8   0x00000040   Code   RO         3479    .text               mc_w.l(_sgetc.o)
    0x08000d28   0x00000028   Code   RO         3481    .text               mc_w.l(ctype_c.o)
    0x08000d50   0x00000018   Code   RO         3484    .text               mf_w.l(dfltul.o)
    0x08000d68   0x00000002   Code   RO          612    i.BusFault_Handler  stm32f1xx_it.o
    0x08000d6a   0x00000002   PAD
    0x08000d6c   0x0000000c   Code   RO          613    i.DMA1_Channel6_IRQHandler  stm32f1xx_it.o
    0x08000d78   0x0000000c   Code   RO          614    i.DMA1_Channel7_IRQHandler  stm32f1xx_it.o
    0x08000d84   0x0000002a   Code   RO         2141    i.DMA_SetConfig     stm32f1xx_hal_dma.o
    0x08000dae   0x00000002   PAD
    0x08000db0   0x00000028   Code   RO          275    i.DataGet1          main.o
    0x08000dd8   0x00000050   Code   RO          276    i.DataGet2          main.o
    0x08000e28   0x00000002   Code   RO          615    i.DebugMon_Handler  stm32f1xx_it.o
    0x08000e2a   0x00000002   PAD
    0x08000e2c   0x00000044   Code   RO          278    i.Delay_stop        main.o
    0x08000e70   0x00000004   Code   RO          279    i.Error_Handler     main.o
    0x08000e74   0x00000046   Code   RO         2142    i.HAL_DMA_Abort     stm32f1xx_hal_dma.o
    0x08000eba   0x00000002   PAD
    0x08000ebc   0x00000098   Code   RO         2143    i.HAL_DMA_Abort_IT  stm32f1xx_hal_dma.o
    0x08000f54   0x00000154   Code   RO         2147    i.HAL_DMA_IRQHandler  stm32f1xx_hal_dma.o
    0x080010a8   0x0000005c   Code   RO         2148    i.HAL_DMA_Init      stm32f1xx_hal_dma.o
    0x08001104   0x00000070   Code   RO         2152    i.HAL_DMA_Start_IT  stm32f1xx_hal_dma.o
    0x08001174   0x00000024   Code   RO         1770    i.HAL_Delay         stm32f1xx_hal.o
    0x08001198   0x000001e0   Code   RO         2078    i.HAL_GPIO_Init     stm32f1xx_hal_gpio.o
    0x08001378   0x0000000a   Code   RO         2080    i.HAL_GPIO_ReadPin  stm32f1xx_hal_gpio.o
    0x08001382   0x00000010   Code   RO         2081    i.HAL_GPIO_TogglePin  stm32f1xx_hal_gpio.o
    0x08001392   0x0000000a   Code   RO         2082    i.HAL_GPIO_WritePin  stm32f1xx_hal_gpio.o
    0x0800139c   0x0000000c   Code   RO         1774    i.HAL_GetTick       stm32f1xx_hal.o
    0x080013a8   0x00000010   Code   RO         1780    i.HAL_IncTick       stm32f1xx_hal.o
    0x080013b8   0x00000024   Code   RO         1781    i.HAL_Init          stm32f1xx_hal.o
    0x080013dc   0x00000040   Code   RO         1782    i.HAL_InitTick      stm32f1xx_hal.o
    0x0800141c   0x0000003c   Code   RO          730    i.HAL_MspInit       stm32f1xx_hal_msp.o
    0x08001458   0x0000001a   Code   RO         2238    i.HAL_NVIC_EnableIRQ  stm32f1xx_hal_cortex.o
    0x08001472   0x00000002   PAD
    0x08001474   0x00000040   Code   RO         2244    i.HAL_NVIC_SetPriority  stm32f1xx_hal_cortex.o
    0x080014b4   0x00000024   Code   RO         2245    i.HAL_NVIC_SetPriorityGrouping  stm32f1xx_hal_cortex.o
    0x080014d8   0x0000012c   Code   RO         1938    i.HAL_RCC_ClockConfig  stm32f1xx_hal_rcc.o
    0x08001604   0x00000020   Code   RO         1945    i.HAL_RCC_GetPCLK1Freq  stm32f1xx_hal_rcc.o
    0x08001624   0x00000020   Code   RO         1946    i.HAL_RCC_GetPCLK2Freq  stm32f1xx_hal_rcc.o
    0x08001644   0x0000006c   Code   RO         1947    i.HAL_RCC_GetSysClockFreq  stm32f1xx_hal_rcc.o
    0x080016b0   0x00000320   Code   RO         1950    i.HAL_RCC_OscConfig  stm32f1xx_hal_rcc.o
    0x080019d0   0x00000028   Code   RO         2249    i.HAL_SYSTICK_Config  stm32f1xx_hal_cortex.o
    0x080019f8   0x00000002   Code   RO         1496    i.HAL_TIMEx_BreakCallback  stm32f1xx_hal_tim_ex.o
    0x080019fa   0x00000002   Code   RO         1497    i.HAL_TIMEx_CommutCallback  stm32f1xx_hal_tim_ex.o
    0x080019fc   0x00000068   Code   RO         1515    i.HAL_TIMEx_MasterConfigSynchronization  stm32f1xx_hal_tim_ex.o
    0x08001a64   0x0000005a   Code   RO          792    i.HAL_TIM_Base_Init  stm32f1xx_hal_tim.o
    0x08001abe   0x00000002   PAD
    0x08001ac0   0x00000078   Code   RO          481    i.HAL_TIM_Base_MspInit  tim.o
    0x08001b38   0x00000058   Code   RO          797    i.HAL_TIM_Base_Start_IT  stm32f1xx_hal_tim.o
    0x08001b90   0x000000d6   Code   RO          801    i.HAL_TIM_ConfigClockSource  stm32f1xx_hal_tim.o
    0x08001c66   0x00000002   PAD
    0x08001c68   0x00000148   Code   RO          280    i.HAL_TIM_IC_CaptureCallback  main.o
    0x08001db0   0x0000010e   Code   RO          828    i.HAL_TIM_IC_ConfigChannel  stm32f1xx_hal_tim.o
    0x08001ebe   0x0000005a   Code   RO          831    i.HAL_TIM_IC_Init   stm32f1xx_hal_tim.o
    0x08001f18   0x0000006c   Code   RO          483    i.HAL_TIM_IC_MspInit  tim.o
    0x08001f84   0x000000e0   Code   RO          836    i.HAL_TIM_IC_Start_IT  stm32f1xx_hal_tim.o
    0x08002064   0x00000166   Code   RO          840    i.HAL_TIM_IRQHandler  stm32f1xx_hal_tim.o
    0x080021ca   0x00000002   PAD
    0x080021cc   0x0000004c   Code   RO          484    i.HAL_TIM_MspPostInit  tim.o
    0x08002218   0x00000002   Code   RO          843    i.HAL_TIM_OC_DelayElapsedCallback  stm32f1xx_hal_tim.o
    0x0800221a   0x000000c6   Code   RO          864    i.HAL_TIM_PWM_ConfigChannel  stm32f1xx_hal_tim.o
    0x080022e0   0x0000005a   Code   RO          867    i.HAL_TIM_PWM_Init  stm32f1xx_hal_tim.o
    0x0800233a   0x00000002   Code   RO          869    i.HAL_TIM_PWM_MspInit  stm32f1xx_hal_tim.o
    0x0800233c   0x00000002   Code   RO          870    i.HAL_TIM_PWM_PulseFinishedCallback  stm32f1xx_hal_tim.o
    0x0800233e   0x00000002   PAD
    0x08002340   0x0000009c   Code   RO          872    i.HAL_TIM_PWM_Start  stm32f1xx_hal_tim.o
    0x080023dc   0x000001bc   Code   RO          281    i.HAL_TIM_PeriodElapsedCallback  main.o
    0x08002598   0x0000002a   Code   RO          880    i.HAL_TIM_ReadCapturedValue  stm32f1xx_hal_tim.o
    0x080025c2   0x00000002   Code   RO          883    i.HAL_TIM_TriggerCallback  stm32f1xx_hal_tim.o
    0x080025c4   0x00000002   Code   RO         2749    i.HAL_UARTEx_RxEventCallback  stm32f1xx_hal_uart.o
    0x080025c6   0x00000002   Code   RO         2753    i.HAL_UART_AbortReceiveCpltCallback  stm32f1xx_hal_uart.o
    0x080025c8   0x00000070   Code   RO         2754    i.HAL_UART_AbortReceive_IT  stm32f1xx_hal_uart.o
    0x08002638   0x00000002   Code   RO         2763    i.HAL_UART_ErrorCallback  stm32f1xx_hal_uart.o
    0x0800263a   0x00000002   PAD
    0x0800263c   0x0000020c   Code   RO         2766    i.HAL_UART_IRQHandler  stm32f1xx_hal_uart.o
    0x08002848   0x00000062   Code   RO         2767    i.HAL_UART_Init     stm32f1xx_hal_uart.o
    0x080028aa   0x00000002   PAD
    0x080028ac   0x000001a0   Code   RO          559    i.HAL_UART_MspInit  usart.o
    0x08002a4c   0x0000002a   Code   RO         2771    i.HAL_UART_Receive_DMA  stm32f1xx_hal_uart.o
    0x08002a76   0x0000002a   Code   RO         2772    i.HAL_UART_Receive_IT  stm32f1xx_hal_uart.o
    0x08002aa0   0x000000c0   Code   RO          282    i.HAL_UART_RxCpltCallback  main.o
    0x08002b60   0x00000002   Code   RO         2774    i.HAL_UART_RxHalfCpltCallback  stm32f1xx_hal_uart.o
    0x08002b62   0x00000002   PAD
    0x08002b64   0x000000b2   Code   RO         2775    i.HAL_UART_Transmit  stm32f1xx_hal_uart.o
    0x08002c16   0x00000002   Code   RO         2778    i.HAL_UART_TxCpltCallback  stm32f1xx_hal_uart.o
    0x08002c18   0x00000002   Code   RO          616    i.HardFault_Handler  stm32f1xx_it.o
    0x08002c1a   0x00000002   PAD
    0x08002c1c   0x00000034   Code   RO           13    i.I2C_Start         oled.o
    0x08002c50   0x0000002c   Code   RO           14    i.I2C_Stop          oled.o
    0x08002c7c   0x00000020   Code   RO           15    i.I2C_WaitAck       oled.o
    0x08002c9c   0x0000003c   Code   RO          456    i.MX_DMA_Init       dma.o
    0x08002cd8   0x000000e0   Code   RO          432    i.MX_GPIO_Init      gpio.o
    0x08002db8   0x000000a0   Code   RO          485    i.MX_TIM1_Init      tim.o
    0x08002e58   0x00000064   Code   RO          486    i.MX_TIM2_Init      tim.o
    0x08002ebc   0x00000068   Code   RO          487    i.MX_TIM3_Init      tim.o
    0x08002f24   0x000000ac   Code   RO          488    i.MX_TIM4_Init      tim.o
    0x08002fd0   0x00000038   Code   RO          560    i.MX_USART1_UART_Init  usart.o
    0x08003008   0x00000038   Code   RO          561    i.MX_USART2_UART_Init  usart.o
    0x08003040   0x00000038   Code   RO          562    i.MX_USART3_UART_Init  usart.o
    0x08003078   0x00000002   Code   RO          617    i.MemManage_Handler  stm32f1xx_it.o
    0x0800307a   0x00000002   PAD
    0x0800307c   0x00000098   Code   RO          283    i.Move_pid          main.o
    0x08003114   0x00000002   Code   RO          618    i.NMI_Handler       stm32f1xx_it.o
    0x08003116   0x00000002   PAD
    0x08003118   0x0000002c   Code   RO           16    i.OLED_Clear        oled.o
    0x08003144   0x00000130   Code   RO           25    i.OLED_Init         oled.o
    0x08003274   0x0000004c   Code   RO           27    i.OLED_Refresh      oled.o
    0x080032c0   0x00000036   Code   RO           35    i.OLED_WR_Byte      oled.o
    0x080032f6   0x0000006c   Code   RO          285    i.PID               main.o
    0x08003362   0x00000002   Code   RO          619    i.PendSV_Handler    stm32f1xx_it.o
    0x08003364   0x00000002   Code   RO          620    i.SVC_Handler       stm32f1xx_it.o
    0x08003366   0x00000002   PAD
    0x08003368   0x0000004c   Code   RO           36    i.Send_Byte         oled.o
    0x080033b4   0x00000018   Code   RO          286    i.Stop              main.o
    0x080033cc   0x00000004   Code   RO          621    i.SysTick_Handler   stm32f1xx_it.o
    0x080033d0   0x0000005e   Code   RO          287    i.SystemClock_Config  main.o
    0x0800342e   0x00000002   Code   RO         3096    i.SystemInit        system_stm32f1xx.o
    0x08003430   0x0000000c   Code   RO          622    i.TIM1_CC_IRQHandler  stm32f1xx_it.o
    0x0800343c   0x0000000c   Code   RO          623    i.TIM3_IRQHandler   stm32f1xx_it.o
    0x08003448   0x0000000c   Code   RO          624    i.TIM4_IRQHandler   stm32f1xx_it.o
    0x08003454   0x0000006c   Code   RO          885    i.TIM_Base_SetConfig  stm32f1xx_hal_tim.o
    0x080034c0   0x0000001a   Code   RO          886    i.TIM_CCxChannelCmd  stm32f1xx_hal_tim.o
    0x080034da   0x00000014   Code   RO          896    i.TIM_ETR_SetConfig  stm32f1xx_hal_tim.o
    0x080034ee   0x00000010   Code   RO          897    i.TIM_ITRx_SetConfig  stm32f1xx_hal_tim.o
    0x080034fe   0x00000002   PAD
    0x08003500   0x00000050   Code   RO          898    i.TIM_OC1_SetConfig  stm32f1xx_hal_tim.o
    0x08003550   0x00000058   Code   RO          899    i.TIM_OC2_SetConfig  stm32f1xx_hal_tim.o
    0x080035a8   0x00000058   Code   RO          900    i.TIM_OC3_SetConfig  stm32f1xx_hal_tim.o
    0x08003600   0x00000044   Code   RO          901    i.TIM_OC4_SetConfig  stm32f1xx_hal_tim.o
    0x08003644   0x00000022   Code   RO          903    i.TIM_TI1_ConfigInputStage  stm32f1xx_hal_tim.o
    0x08003666   0x00000002   PAD
    0x08003668   0x00000058   Code   RO          904    i.TIM_TI1_SetConfig  stm32f1xx_hal_tim.o
    0x080036c0   0x00000024   Code   RO          905    i.TIM_TI2_ConfigInputStage  stm32f1xx_hal_tim.o
    0x080036e4   0x00000036   Code   RO          906    i.TIM_TI2_SetConfig  stm32f1xx_hal_tim.o
    0x0800371a   0x00000010   Code   RO         2780    i.UART_DMAAbortOnError  stm32f1xx_hal_uart.o
    0x0800372a   0x0000004a   Code   RO         2781    i.UART_DMAError     stm32f1xx_hal_uart.o
    0x08003774   0x0000005a   Code   RO         2782    i.UART_DMAReceiveCplt  stm32f1xx_hal_uart.o
    0x080037ce   0x0000001a   Code   RO         2784    i.UART_DMARxHalfCplt  stm32f1xx_hal_uart.o
    0x080037e8   0x00000016   Code   RO         2785    i.UART_DMARxOnlyAbortCallback  stm32f1xx_hal_uart.o
    0x080037fe   0x00000030   Code   RO         2790    i.UART_EndRxTransfer  stm32f1xx_hal_uart.o
    0x0800382e   0x00000012   Code   RO         2791    i.UART_EndTxTransfer  stm32f1xx_hal_uart.o
    0x08003840   0x000000b6   Code   RO         2792    i.UART_Receive_IT   stm32f1xx_hal_uart.o
    0x080038f6   0x00000002   PAD
    0x080038f8   0x000000b8   Code   RO         2793    i.UART_SetConfig    stm32f1xx_hal_uart.o
    0x080039b0   0x00000070   Code   RO         2794    i.UART_Start_Receive_DMA  stm32f1xx_hal_uart.o
    0x08003a20   0x00000036   Code   RO         2795    i.UART_Start_Receive_IT  stm32f1xx_hal_uart.o
    0x08003a56   0x00000064   Code   RO         2796    i.UART_WaitOnFlagUntilTimeout  stm32f1xx_hal_uart.o
    0x08003aba   0x00000002   PAD
    0x08003abc   0x0000000c   Code   RO          625    i.USART1_IRQHandler  stm32f1xx_it.o
    0x08003ac8   0x0000000c   Code   RO          626    i.USART3_IRQHandler  stm32f1xx_it.o
    0x08003ad4   0x00000002   Code   RO          627    i.UsageFault_Handler  stm32f1xx_it.o
    0x08003ad6   0x00000002   PAD
    0x08003ad8   0x00000080   Code   RO          288    i.Wheel             main.o
    0x08003b58   0x00000020   Code   RO         3378    i.__0printf         mc_w.l(printfa.o)
    0x08003b78   0x00000020   Code   RO         2251    i.__NVIC_SetPriority  stm32f1xx_hal_cortex.o
    0x08003b98   0x0000000c   Code   RO         3446    i.__read_errno      mc_w.l(errno.o)
    0x08003ba4   0x0000000e   Code   RO         3488    i.__scatterload_copy  mc_w.l(handlers.o)
    0x08003bb2   0x00000002   Code   RO         3489    i.__scatterload_null  mc_w.l(handlers.o)
    0x08003bb4   0x0000000e   Code   RO         3490    i.__scatterload_zeroinit  mc_w.l(handlers.o)
    0x08003bc2   0x00000002   PAD
    0x08003bc4   0x0000000c   Code   RO         3447    i.__set_errno       mc_w.l(errno.o)
    0x08003bd0   0x00000164   Code   RO         3385    i._fp_digits        mc_w.l(printfa.o)
    0x08003d34   0x0000000e   Code   RO         3477    i._is_digit         mc_w.l(scanf_fp.o)
    0x08003d42   0x00000002   PAD
    0x08003d44   0x000006dc   Code   RO         3386    i._printf_core      mc_w.l(printfa.o)
    0x08004420   0x00000024   Code   RO         3387    i._printf_post_padding  mc_w.l(printfa.o)
    0x08004444   0x0000002e   Code   RO         3388    i._printf_pre_padding  mc_w.l(printfa.o)
    0x08004472   0x0000002a   Code   RO         3131    i.atof              m_ws.l(atof.o)
    0x0800449c   0x00000018   Code   RO          289    i.fputc             main.o
    0x080044b4   0x0000001e   Code   RO          290    i.initPID           main.o
    0x080044d2   0x00000002   PAD
    0x080044d4   0x00000194   Code   RO          291    i.main              main.o
    0x08004668   0x00000010   Data   RO         3097    .constdata          system_stm32f1xx.o
    0x08004678   0x00000008   Data   RO         3098    .constdata          system_stm32f1xx.o
    0x08004680   0x00000040   Data   RO         3482    .constdata          mc_w.l(ctype_c.o)
    0x080046c0   0x00000020   Data   RO         3486    Region$$Table       anon$$obj.o


    Execution Region RW_IRAM1 (Base: 0x20000000, Size: 0x00000c30, Max: 0x00005000, ABSOLUTE)

    Base Addr    Size         Type   Attr      Idx    E Section Name        Object

    0x20000000   0x0000004c   Data   RW          300    .data               main.o
    0x2000004c   0x0000000c   Data   RW         1788    .data               stm32f1xx_hal.o
    0x20000058   0x00000004   Data   RW         3099    .data               system_stm32f1xx.o
    0x2000005c   0x00000004   Data   RW         3440    .data               mc_w.l(stdout.o)
    0x20000060   0x00000004   Data   RW         3448    .data               mc_w.l(errno.o)
    0x20000064   0x00000480   Zero   RW           37    .bss                oled.o
    0x200004e4   0x000000d4   Zero   RW          293    .bss                main.o
    0x200005b8   0x00000120   Zero   RW          489    .bss                tim.o
    0x200006d8   0x00000154   Zero   RW          563    .bss                usart.o
    0x2000082c   0x00000004   PAD
    0x20000830   0x00000400   Zero   RW            1    STACK               startup_stm32f103xb.o


==============================================================================

Image component sizes


      Code (inc. data)   RO Data    RW Data    ZI Data      Debug   Object Name

        60          4          0          0          0        718   dma.o
       224         18          0          0          0        935   gpio.o
      2120        218          0         76        212      11597   main.o
       682         38          0          0       1152     430209   oled.o
        36          8        236          0       1024        780   startup_stm32f103xb.o
       164         28          0         12          0       5637   stm32f1xx_hal.o
       198         14          0          0          0      28443   stm32f1xx_hal_cortex.o
       808         36          0          0          0       4346   stm32f1xx_hal_dma.o
       516         34          0          0          0       3556   stm32f1xx_hal_gpio.o
        60          8          0          0          0        822   stm32f1xx_hal_msp.o
      1272        100          0          0          0       4792   stm32f1xx_hal_rcc.o
      2534         82          0          0          0      18192   stm32f1xx_hal_tim.o
       108         12          0          0          0       2221   stm32f1xx_hal_tim_ex.o
      1932         30          0          0          0      14577   stm32f1xx_hal_uart.o
       104         42          0          0          0       6545   stm32f1xx_it.o
         2          0         24          4          0       1047   system_stm32f1xx.o
       840         72          0          0        288       4728   tim.o
       584         62          0          0        340       3070   usart.o

    ----------------------------------------------------------------------
     12288        806        292         92       3020     542215   Object Totals
         0          0         32          0          0          0   (incl. Generated)
        44          0          0          0          4          0   (incl. Padding)

    ----------------------------------------------------------------------

      Code (inc. data)   RO Data    RW Data    ZI Data      Debug   Library Member Name

        42          0          0          0          0         84   atof.o
        64          0          0          0          0         84   _sgetc.o
        40          6         64          0          0         68   ctype_c.o
         0          0          0          0          0          0   entry.o
         0          0          0          0          0          0   entry10a.o
         0          0          0          0          0          0   entry11a.o
         8          4          0          0          0          0   entry2.o
         4          0          0          0          0          0   entry5.o
         0          0          0          0          0          0   entry7b.o
         0          0          0          0          0          0   entry8b.o
         8          4          0          0          0          0   entry9a.o
        24         12          0          4          0        136   errno.o
        30          0          0          0          0          0   handlers.o
        36          8          0          0          0         68   init.o
        10          0          0          0          0         68   isspace_c.o
         0          0          0          0          0          0   iusefp.o
        30          0          0          0          0         68   llshl.o
        36          0          0          0          0         68   llsshr.o
        32          0          0          0          0         68   llushr.o
        36          0          0          0          0         68   memcpya.o
        36          0          0          0          0        108   memseta.o
      2226         90          0          0          0        444   printfa.o
       838         12          0          0          0        216   scanf_fp.o
         0          0          0          4          0          0   stdout.o
       156         14          0          0          0        120   strtod.o
        44          0          0          0          0         80   uidiv.o
        98          0          0          0          0         92   uldiv.o
        48          0          0          0          0         68   cdrcmple.o
        20          0          0          0          0         68   cfcmple.o
        20          0          0          0          0         68   cfrcmple.o
        56          0          0          0          0         88   d2f.o
       334          0          0          0          0        148   dadd.o
       222          0          0          0          0        100   ddiv.o
       186          0          0          0          0        176   depilogue.o
        48          0          0          0          0         68   dfixul.o
        24          0          0          0          0         76   dfltul.o
       228          0          0          0          0         96   dmul.o
        38          0          0          0          0         68   f2d.o
       176          0          0          0          0        140   fadd.o
       110          0          0          0          0        168   fepilogue.o
        50          0          0          0          0         68   ffixi.o
        10          0          0          0          0         68   ffltui.o
       100          0          0          0          0         76   fmul.o
        24          0          0          0          0         68   fscalb.o

    ----------------------------------------------------------------------
      5500        150         64          8          0       3452   Library Totals
         8          0          0          0          0          0   (incl. Padding)

    ----------------------------------------------------------------------

      Code (inc. data)   RO Data    RW Data    ZI Data      Debug   Library Name

        42          0          0          0          0         84   m_ws.l
      3756        150         64          8          0       1756   mc_w.l
      1694          0          0          0          0       1612   mf_w.l

    ----------------------------------------------------------------------
      5500        150         64          8          0       3452   Library Totals

    ----------------------------------------------------------------------

==============================================================================


      Code (inc. data)   RO Data    RW Data    ZI Data      Debug   

     17788        956        356        100       3020     537239   Grand Totals
     17788        956        356        100       3020     537239   ELF Image Totals
     17788        956        356        100          0          0   ROM Totals

==============================================================================

    Total RO  Size (Code + RO Data)                18144 (  17.72kB)
    Total RW  Size (RW Data + ZI Data)              3120 (   3.05kB)
    Total ROM Size (Code + RO Data + RW Data)      18244 (  17.82kB)

==============================================================================

